
 num     #instances         #bytes  class name
----------------------------------------------
   1:         16184        1548736  [C
   2:          4404         490168  java.lang.Class
   3:          4981         420664  [Ljava.lang.Object;
   4:         15950         382800  java.lang.String
   5:           766         343288  [B
   6:          7571         242272  java.util.concurrent.ConcurrentHashMap$Node
   7:          7206         115296  java.lang.Object
   8:          1618         103584  [I
   9:          2078          66496  java.util.HashMap$Node
  10:            59          63824  [Ljava.util.concurrent.ConcurrentHashMap$Node;
  11:           656          57728  java.lang.reflect.Method
  12:           441          41904  [Ljava.util.HashMap$Node;
  13:            78          41184  io.netty.util.internal.shaded.org.jctools.queues.atomic.MpscAtomicArrayQueue
  14:           926          37040  java.util.TreeMap$Entry
  15:           918          36720  java.lang.ref.SoftReference
  16:           683          32784  gnu.trove.THashMap
  17:           433          27712  io.netty.buffer.PoolSubpage
  18:           326          26080  java.lang.reflect.Constructor
  19:           530          25440  java.util.HashMap
  20:           606          24368  [Ljava.lang.String;
  21:           595          23800  java.util.LinkedHashMap$Entry
  22:           665          21280  org.jetbrains.jps.model.library.impl.JpsLibraryRootImpl
  23:           654          20928  org.jetbrains.jps.model.impl.JpsElementCollectionImpl
  24:           273          17472  java.net.URL
  25:           310          17360  java.lang.invoke.MemberName
  26:           541          17312  java.util.Hashtable$Entry
  27:           717          16328  [Ljava.lang.Class;
  28:           661          15864  org.jetbrains.jps.model.ex.JpsElementContainerImpl
  29:           660          15840  com.intellij.util.SmartList
  30:           165          13840  [Ljava.util.WeakHashMap$Entry;
  31:           396          12672  java.lang.ref.WeakReference
  32:           208          11648  java.lang.Package
  33:           283          11320  java.lang.ref.Finalizer
  34:           341          10912  sun.misc.FDBigInteger
  35:           269          10760  java.lang.invoke.MethodType
  36:           103          10368  [Ljava.util.Hashtable$Entry;
  37:            25          10320  [Lio.netty.buffer.PoolSubpage;
  38:           419          10056  java.util.ArrayList
  39:            99           9504  java.util.jar.JarFile$JarFileEntry
  40:           101           8912  [Lcom.intellij.util.containers.hash.LinkedHashMap$Entry;
  41:           276           8832  java.lang.invoke.MethodType$ConcurrentWeakInternSet$WeakEntry
  42:           140           7840  java.util.LinkedHashMap
  43:           162           7776  java.util.WeakHashMap
  44:           235           7520  java.lang.invoke.LambdaForm$Name
  45:           124           7440  [Ljava.lang.ref.SoftReference;
  46:           129           7224  sun.nio.cs.UTF_8$Encoder
  47:           287           6888  java.lang.Long
  48:           214           6848  org.jetbrains.jps.model.library.impl.JpsLibraryImpl
  49:           213           6816  org.jetbrains.jps.model.library.impl.JpsLibraryReferenceImpl
  50:           118           6608  sun.misc.URLClassPath$JarLoader
  51:           103           6592  java.util.jar.JarFile
  52:            17           6392  java.lang.Thread
  53:            86           6192  java.lang.reflect.Field
  54:           187           5984  java.lang.ref.ReferenceQueue
  55:           146           5840  java.util.WeakHashMap$Entry
  56:           174           5568  java.util.Vector
  57:           135           5400  java.security.ProtectionDomain
  58:           213           5112  org.jetbrains.jps.model.java.impl.JpsJavaDependencyExtensionImpl
  59:           213           5112  org.jetbrains.jps.model.module.impl.JpsLibraryDependencyImpl
  60:            68           4896  sun.reflect.DelegatingClassLoader
  61:            40           4800  java.net.SocksSocketImpl
  62:           297           4752  java.lang.Integer
  63:           195           4680  org.apache.log4j.CategoryKey
  64:            72           4608  java.util.concurrent.ConcurrentHashMap
  65:           189           4536  javax.management.ImmutableDescriptor
  66:           141           4512  java.lang.invoke.DirectMethodHandle
  67:            94           4512  java.util.Hashtable
  68:           106           4240  org.apache.log4j.Logger
  69:            40           4160  java.net.TwoStacksPlainSocketImpl
  70:           130           4160  java.security.CodeSource
  71:             2           4144  [Ljava.nio.channels.SelectionKey;
  72:             2           4128  [Ljava.nio.ByteBuffer;
  73:           128           4096  com.sun.jmx.mbeanserver.ConvertingMethod
  74:           256           4096  java.lang.Byte
  75:           256           4096  java.lang.Short
  76:           128           4096  java.util.zip.ZipCoder
  77:            82           3936  java.lang.invoke.LambdaForm
  78:           162           3888  sun.reflect.NativeConstructorAccessorImpl
  79:            69           3864  java.lang.invoke.MethodTypeForm
  80:            87           3768  [Ljava.lang.invoke.LambdaForm$Name;
  81:            62           3472  java.beans.MethodDescriptor
  82:           217           3472  org.jetbrains.jps.model.impl.JpsDummyElementImpl
  83:           213           3408  org.jetbrains.jps.model.impl.JpsProjectElementReference
  84:            21           3368  [J
  85:             4           3200  [Lio.netty.util.Recycler$DefaultHandle;
  86:           129           3096  java.util.ArrayDeque
  87:           189           3024  java.lang.ref.ReferenceQueue$Lock
  88:            62           2976  java.util.logging.LogManager$LoggerWeakRef
  89:            29           2944  [Ljava.lang.invoke.MethodHandle;
  90:            72           2880  io.netty.buffer.PoolChunkList
  91:            45           2880  javax.management.openmbean.OpenMBeanAttributeInfoSupport
  92:            89           2848  org.apache.log4j.ProvisionNode
  93:           118           2832  java.beans.MethodRef
  94:            88           2816  java.io.File
  95:            50           2800  com.intellij.util.containers.SLRUMap$1
  96:            50           2800  com.intellij.util.containers.SLRUMap$2
  97:           115           2760  java.lang.invoke.LambdaForm$NamedFunction
  98:            86           2752  java.net.InetAddress$InetAddressHolder
  99:           112           2688  java.util.LinkedList$Node
 100:           162           2592  sun.reflect.DelegatingConstructorAccessorImpl
 101:           107           2568  java.io.ExpiringCache$Entry
 102:            49           2544  [Ljavax.management.MBeanAttributeInfo;
 103:           135           2536  [Lcom.sun.jmx.mbeanserver.MXBeanMapping;
 104:            63           2520  java.io.ObjectStreamField
 105:            74           2368  java.util.concurrent.locks.ReentrantLock$NonfairSync
 106:            72           2304  io.netty.buffer.PoolThreadCache$SubPageMemoryRegionCache
 107:            48           2304  javax.management.MBeanInfo
 108:            46           2208  java.util.zip.Inflater
 109:            91           2184  sun.reflect.generics.tree.SimpleClassTypeSignature
 110:           135           2160  [Ljava.security.Principal;
 111:           135           2160  java.security.ProtectionDomain$Key
 112:            44           2112  sun.util.locale.LocaleObjectCache$CacheEntry
 113:            29           2088  java.util.logging.Logger
 114:           128           2048  java.lang.Character
 115:            28           2016  java.beans.PropertyDescriptor
 116:            25           2000  sun.net.www.protocol.jar.URLJarFile
 117:            62           1984  io.netty.util.internal.LongAdderCounter
 118:            61           1952  java.util.LinkedList
 119:            22           1936  com.intellij.util.io.PagedFileStorage
 120:            48           1920  java.io.FileDescriptor
 121:            60           1920  java.io.ObjectStreamClass$WeakClassKey
 122:            60           1920  javax.management.MBeanAttributeInfo
 123:           116           1856  java.util.HashSet
 124:            38           1824  java.net.SocketInputStream
 125:            38           1824  java.net.SocketOutputStream
 126:            56           1792  com.intellij.util.containers.ConcurrentIntObjectHashMap$Node
 127:            54           1728  java.security.Permissions
 128:            91           1704  [Lsun.reflect.generics.tree.TypeArgument;
 129:            40           1600  sun.management.DiagnosticCommandArgumentInfo
 130:             3           1592  [[B
 131:            66           1584  java.security.Provider$ServiceKey
 132:            48           1536  java.io.FilePermission
 133:            48           1536  java.util.logging.LogManager$LogNode
 134:            27           1512  java.security.Provider$Service
 135:            62           1488  java.util.jar.Attributes$Name
 136:            24           1456  [S
 137:            91           1456  sun.reflect.generics.tree.ClassTypeSignature
 138:            45           1440  com.sun.org.apache.xerces.internal.xni.QName
 139:            59           1416  sun.reflect.annotation.AnnotationInvocationHandler
 140:             1           1376  [Lsun.misc.FDBigInteger;
 141:            43           1376  java.lang.invoke.BoundMethodHandle$Species_L
 142:            86           1376  sun.reflect.DelegatingMethodAccessorImpl
 143:            34           1360  com.intellij.util.containers.ConcurrentIntKeyWeakValueHashMap$MyRef
 144:            33           1320  com.intellij.util.containers.SLRUMap
 145:            32           1280  java.io.ObjectStreamClass$FieldReflectorKey
 146:            20           1280  java.nio.DirectByteBuffer
 147:            80           1280  java.util.concurrent.atomic.AtomicReferenceArray
 148:            39           1248  java.net.Socket
 149:            30           1200  java.security.AccessControlContext
 150:            25           1200  java.util.TreeMap
 151:            74           1184  java.util.concurrent.locks.ReentrantLock
 152:            73           1168  com.intellij.openapi.diagnostic.Log4jBasedLogger
 153:            48           1152  java.io.FilePermissionCollection
 154:             2           1136  io.netty.util.internal.shaded.org.jctools.queues.atomic.MpscUnboundedAtomicArrayQueue
 155:            47           1120  [Ljavax.management.ObjectName$Property;
 156:            46           1104  java.lang.Class$AnnotationData
 157:            46           1104  java.net.Inet4Address
 158:            46           1104  java.util.zip.ZStreamRef
 159:             9           1080  [Z
 160:             2           1064  [Ljava.lang.Integer;
 161:             1           1040  [Ljava.lang.Byte;
 162:             1           1040  [Ljava.lang.Long;
 163:             1           1040  [Ljava.lang.Short;
 164:             1           1040  [[C
 165:            39           1008  [Ljavax.management.MBeanOperationInfo;
 166:            40            960  java.net.InetAddress
 167:            30            960  java.security.Provider$EngineDescription
 168:            24            960  javax.management.ObjectName
 169:            19            912  sun.management.DiagnosticCommandInfo
 170:            28            896  io.netty.channel.ChannelOption
 171:            37            888  sun.reflect.generics.factory.CoreReflectionFactory
 172:             7            880  [Ljava.beans.MethodDescriptor;
 173:             9            864  com.intellij.util.io.IntToIntBtree
 174:             9            864  com.intellij.util.io.PersistentBTreeEnumerator
 175:             6            864  io.netty.buffer.PoolArena$DirectArena
 176:             6            864  io.netty.buffer.PoolArena$HeapArena
 177:            35            840  javax.management.ObjectName$Property
 178:            15            840  javax.management.openmbean.ArrayType
 179:            21            840  sun.util.locale.BaseLocale$Key
 180:            20            800  com.sun.jmx.mbeanserver.MXBeanSupport
 181:            20            800  javax.management.MBeanOperationInfo
 182:            33            792  java.util.Arrays$ArrayList
 183:            33            792  java.util.concurrent.CopyOnWriteArrayList
 184:            11            792  java.util.regex.Pattern
 185:            34            776  [Ljava.lang.reflect.Type;
 186:             8            768  com.intellij.util.io.PersistentHashMap
 187:             8            768  com.intellij.util.io.PersistentHashMapValueStorage
 188:            32            768  com.sun.jmx.mbeanserver.DefaultMXBeanMappingFactory$IdentityMapping
 189:            32            768  com.sun.org.apache.xerces.internal.util.SymbolTable$Entry
 190:            32            768  io.netty.util.internal.logging.Log4JLogger
 191:            48            768  java.util.concurrent.atomic.AtomicInteger
 192:            24            768  sun.reflect.UnsafeObjectFieldAccessorImpl
 193:            19            760  gnu.trove.THashSet
 194:            30            720  com.intellij.openapi.util.Key
 195:            18            720  com.intellij.util.io.ResizeableMappedFile
 196:            15            720  java.lang.management.PlatformComponent
 197:            30            720  java.util.Collections$SingletonList
 198:            29            696  sun.reflect.generics.reflectiveObjects.ParameterizedTypeImpl
 199:            29            696  sun.reflect.generics.scope.ClassScope
 200:            17            680  com.intellij.util.containers.hash.LinkedHashMap$Entry
 201:            23            672  [Ljava.io.ObjectStreamField;
 202:            42            672  com.intellij.serialization.FieldAccessor
 203:            21            672  com.sun.jmx.mbeanserver.WeakIdentityHashMap$IdentityWeakReference
 204:            28            672  java.security.Provider$UString
 205:            21            672  java.util.Locale
 206:            21            672  sun.util.locale.BaseLocale
 207:             8            640  com.intellij.util.io.PersistentHashMapValueStorage$MyCompressedAppendableFile
 208:             3            624  [Ljava.lang.invoke.LambdaForm;
 209:            39            624  org.jetbrains.jps.model.ex.JpsElementChildRoleBase
 210:            19            608  java.lang.ThreadLocal$ThreadLocalMap$Entry
 211:            38            608  java.util.jar.Attributes
 212:            19            608  sun.management.DiagnosticCommandImpl$Wrapper
 213:            25            600  java.util.Collections$UnmodifiableRandomAccessList
 214:            18            576  java.util.regex.Pattern$Curly
 215:            18            576  javax.management.MBeanParameterInfo
 216:            14            560  javax.management.openmbean.SimpleType
 217:            10            560  sun.invoke.util.Wrapper
 218:            23            552  com.sun.jmx.mbeanserver.PerInterface$MethodAndSig
 219:             1            528  [Ljava.lang.Character;
 220:            22            528  com.sun.jmx.mbeanserver.NamedObject
 221:            22            528  java.util.concurrent.atomic.AtomicLong
 222:            11            528  org.jetbrains.jps.incremental.storage.BuildTargetTypeState
 223:            13            520  java.lang.invoke.MethodHandleImpl$IntrinsicMethodHandle
 224:            13            520  sun.misc.Cleaner
 225:             8            512  com.intellij.util.containers.ObjectLinkedOpenHashSet
 226:            16            512  com.intellij.util.containers.UnsafeWeakList$MyReference
 227:            16            512  io.netty.handler.codec.CodecOutputList
 228:            16            512  java.lang.reflect.Proxy$Key1
 229:            16            512  java.lang.reflect.WeakCache$CacheValue
 230:            21            504  java.util.Locale$LocaleKey
 231:             9            504  javax.management.openmbean.CompositeType
 232:            19            488  [Lsun.management.DiagnosticCommandArgumentInfo;
 233:             6            480  [Ljava.lang.ThreadLocal$ThreadLocalMap$Entry;
 234:            12            480  com.sun.jmx.mbeanserver.PerInterface
 235:            19            456  [Ljavax.management.MBeanParameterInfo;
 236:             6            456  [Lsun.invoke.util.Wrapper;
 237:            14            448  java.io.DataInputStream
 238:             8            448  javax.management.openmbean.OpenMBeanParameterInfoSupport
 239:            11            440  com.intellij.util.io.ReadWriteDirectBufferWrapper
 240:            18            432  com.google.gson.internal.bind.TypeAdapters$32
 241:            18            432  java.util.regex.Pattern$Single
 242:            18            432  org.jetbrains.jps.model.ex.JpsElementCollectionRole
 243:            18            432  sun.misc.MetaIndex
 244:            18            432  sun.reflect.NativeMethodAccessorImpl
 245:             1            424  [Lcom.sun.org.apache.xerces.internal.util.SymbolTable$Entry;
 246:             2            416  [Lcom.intellij.util.containers.ConcurrentIntObjectHashMap$Node;
 247:             6            416  [Lio.netty.buffer.PoolThreadCache$MemoryRegionCache;
 248:            13            416  com.intellij.util.lang.JavaVersion
 249:            13            416  java.lang.invoke.SimpleMethodHandle
 250:            13            416  java.nio.DirectByteBuffer$Deallocator
 251:            26            416  org.jetbrains.jps.model.JpsElementChildRole
 252:            13            416  sun.reflect.annotation.AnnotationType
 253:            13            416  sun.reflect.generics.repository.ClassRepository
 254:            17            408  sun.reflect.generics.repository.FieldRepository
 255:            21            400  [Lsun.reflect.generics.tree.FormalTypeParameter;
 256:            10            400  com.intellij.util.io.IntToIntBtree$BtreeIndexNodeView
 257:            10            400  java.lang.invoke.DirectMethodHandle$Accessor
 258:             7            392  java.util.ResourceBundle$CacheKey
 259:            16            384  com.intellij.openapi.util.LowMemoryWatcher
 260:             8            384  com.intellij.util.io.PersistentHashMap$4
 261:             1            384  java.lang.ref.Finalizer$FinalizerThread
 262:             1            384  java.util.logging.LogManager$Cleaner
 263:            16            384  java.util.regex.Pattern$GroupHead
 264:            16            384  java.util.regex.Pattern$GroupTail
 265:            16            384  sun.nio.ch.OptionKey
 266:            16            384  sun.nio.ch.SocketOptionRegistry$RegistryKey
 267:             1            376  java.lang.ref.Reference$ReferenceHandler
 268:            17            368  [Ljavax.management.MBeanNotificationInfo;
 269:            23            368  com.sun.proxy.$Proxy9
 270:             7            360  [Ljava.beans.PropertyDescriptor;
 271:            18            360  [Lsun.reflect.generics.tree.FieldTypeSignature;
 272:             9            360  com.sun.org.apache.xerces.internal.utils.XMLSecurityManager$Limit
 273:            15            360  javax.management.StandardMBean
 274:             5            352  [D
 275:             1            352  com.sun.org.apache.xerces.internal.impl.XMLNSDocumentScannerImpl
 276:            11            352  org.jetbrains.jps.incremental.storage.BuildTargetConfiguration
 277:             7            336  com.sun.jmx.mbeanserver.DefaultMXBeanMappingFactory$CompositeMapping
 278:            14            336  com.sun.jmx.remote.util.ClassLogger
 279:             7            336  java.beans.BeanDescriptor
 280:            14            336  java.lang.RuntimePermission
 281:            21            336  java.lang.ThreadLocal
 282:            14            336  java.lang.invoke.LambdaFormEditor$Transform$Kind
 283:             6            336  java.nio.DirectLongBufferU
 284:             7            336  java.util.Properties
 285:             7            336  java.util.ResourceBundle$BundleReference
 286:            14            336  java.util.concurrent.locks.AbstractQueuedSynchronizer$ConditionObject
 287:             6            336  sun.management.MemoryPoolImpl
 288:             3            336  sun.nio.ch.SocketChannelImpl
 289:             6            336  sun.util.calendar.ZoneInfo
 290:            16            328  [Ljava.lang.management.PlatformComponent;
 291:            10            320  java.lang.OutOfMemoryError
 292:            10            320  java.rmi.server.UID
 293:             8            320  sun.reflect.generics.repository.MethodRepository
 294:             8            320  sun.rmi.transport.tcp.TCPEndpoint
 295:            10            320  sun.security.jca.ProviderConfig
 296:            13            312  java.lang.invoke.Invokers
 297:            13            312  java.lang.management.ManagementPermission
 298:            13            312  java.util.regex.Pattern$Slice
 299:            13            312  org.apache.log4j.Level
 300:            13            312  org.jetbrains.jps.model.java.LanguageLevel
 301:            13            312  sun.reflect.generics.tree.ClassSignature
 302:             9            288  com.intellij.util.containers.LimitedPool
 303:            12            288  com.sun.org.apache.xerces.internal.util.XMLStringBuffer
 304:             9            288  java.util.RegularEnumSet
 305:             9            288  java.util.logging.Level
 306:             9            288  jdk.internal.org.objectweb.asm.Type
 307:             9            288  sun.reflect.generics.reflectiveObjects.TypeVariableImpl
 308:             7            280  [Ljava.lang.reflect.Method;
 309:             5            280  io.netty.channel.DefaultChannelHandlerContext
 310:             7            280  java.beans.GenericBeanInfo
 311:             7            280  java.util.IdentityHashMap
 312:            11            264  java.net.StandardSocketOptions$StdSocketOption
 313:            11            264  org.jdom.AttributeType
 314:             4            256  com.intellij.util.io.AppendableStorageBackedByResizableMappedFile
 315:             8            256  com.intellij.util.io.UnsyncByteArrayInputStream
 316:            16            256  java.util.Collections$UnmodifiableSet
 317:            16            256  java.util.TreeMap$EntrySet
 318:             8            256  java.util.regex.Pattern$Branch
 319:             8            256  javax.management.MBeanNotificationInfo
 320:             8            256  sun.misc.ProxyGenerator$PrimitiveTypeInfo
 321:             8            256  sun.reflect.generics.tree.MethodTypeSignature
 322:             8            248  [Ljava.lang.invoke.LambdaForm$BasicType;
 323:             6            240  [Ljava.lang.invoke.BoundMethodHandle$SpeciesData;
 324:             8            240  [Ljava.util.regex.Pattern$Node;
 325:            13            240  [Lsun.reflect.generics.tree.ClassTypeSignature;
 326:            10            240  com.google.protobuf.GeneratedMessageLite$MethodToInvoke
 327:            10            240  com.sun.org.apache.xerces.internal.impl.XMLScanner$NameType
 328:            10            240  com.sun.org.apache.xerces.internal.xni.XMLString
 329:            10            240  java.security.CryptoPrimitive
 330:             5            240  java.util.concurrent.LinkedBlockingQueue
 331:             5            240  java.util.concurrent.ThreadPoolExecutor$Worker
 332:            10            240  java.util.regex.Pattern$Ctype
 333:            10            240  java.util.regex.Pattern$Start
 334:             6            240  sun.management.MemoryPoolImpl$CollectionSensor
 335:             6            240  sun.management.MemoryPoolImpl$PoolSensor
 336:            10            240  sun.rmi.runtime.Log$LoggerLog
 337:             7            224  java.lang.invoke.DirectMethodHandle$Special
 338:            14            224  java.util.LinkedHashSet
 339:             7            224  java.util.ResourceBundle$LoaderReference
 340:             7            224  java.util.concurrent.atomic.AtomicLongFieldUpdater$CASUpdater
 341:             7            224  java.util.concurrent.atomic.AtomicReferenceFieldUpdater$AtomicReferenceFieldUpdaterImpl
 342:             4            224  sun.rmi.transport.Target
 343:            13            216  [Ljavax.management.MBeanConstructorInfo;
 344:             9            216  com.intellij.util.io.IntToIntBtree$BtreeRootNode
 345:             9            216  com.intellij.util.io.PersistentEnumeratorBase$Version
 346:             9            216  java.util.logging.Level$KnownLevel
 347:             9            216  sun.reflect.generics.tree.FormalTypeParameter
 348:             9            216  sun.util.logging.PlatformLogger$Level
 349:             7            208  [Ljava.lang.invoke.LambdaForm$NamedFunction;
 350:             5            200  java.lang.ClassLoader$NativeLibrary
 351:             5            200  java.lang.invoke.BoundMethodHandle$SpeciesData
 352:             5            200  java.util.EnumMap
 353:             5            200  java.util.stream.StreamOpFlag
 354:             2            192  [Lcom.sun.org.apache.xerces.internal.xni.QName;
 355:             8            192  [Ljava.lang.reflect.TypeVariable;
 356:             8            192  com.google.gson.internal.bind.TypeAdapters$33
 357:             6            192  com.intellij.serialization.PropertyAccessor
 358:             8            192  com.intellij.util.io.PersistentHashMap$2
 359:             8            192  com.intellij.util.io.PersistentHashMapValueStorage$CreationTimeOptions
 360:             8            192  com.sun.jmx.interceptor.DefaultMBeanServerInterceptor$ListenerWrapper
 361:             4            192  com.sun.org.apache.xerces.internal.util.XMLAttributesImpl$Attribute
 362:             6            192  io.netty.buffer.PoolThreadCache$NormalMemoryRegionCache
 363:             3            192  io.netty.util.Recycler$Stack
 364:             6            192  java.lang.invoke.LambdaForm$BasicType
 365:             8            192  java.lang.invoke.MethodHandleImpl$Intrinsic
 366:             4            192  java.nio.HeapByteBuffer
 367:             6            192  java.util.Collections$SynchronizedMap
 368:             6            192  java.util.Collections$UnmodifiableMap
 369:             6            192  java.util.Stack
 370:             8            192  org.jetbrains.jps.incremental.BuilderCategory
 371:             8            192  org.jetbrains.jps.incremental.ResourcesTarget
 372:             8            192  org.jetbrains.jps.incremental.fs.FilesDelta
 373:             6            192  sun.management.NotificationEmitterSupport$ListenerInfo
 374:             4            192  sun.misc.URLClassPath
 375:             4            192  sun.nio.cs.StreamEncoder
 376:             3            192  sun.nio.cs.ext.DoubleByte$Encoder
 377:             8            192  sun.reflect.generics.scope.MethodScope
 378:             7            176  [Ljava.security.ProtectionDomain;
 379:            11            176  com.sun.proxy.$Proxy8
 380:             2            176  javax.management.remote.rmi.NoCallStackClassLoader
 381:             7            168  com.intellij.diagnostic.LoadingState
 382:             7            168  com.sun.management.VMOption$Origin
 383:             7            168  java.net.NetPermission
 384:             3            168  javax.management.openmbean.OpenMBeanOperationInfoSupport
 385:             7            168  org.jdom.Content$CType
 386:             7            168  sun.management.counter.Units
 387:             3            168  sun.rmi.transport.tcp.TCPChannel
 388:             3            168  sun.rmi.transport.tcp.TCPConnection
 389:             3            168  sun.security.provider.SHA
 390:             2            160  [Lcom.intellij.util.containers.SLRUMap;
 391:             4            160  com.intellij.util.io.AppendableStorageBackedByResizableMappedFile$MyBufferedIS
 392:             2            160  com.sun.jmx.remote.util.ClassLoaderWithRepository
 393:             5            160  com.sun.org.apache.xerces.internal.util.AugmentationsImpl$SmallContainer
 394:             4            160  java.io.BufferedInputStream
 395:             5            160  java.nio.file.attribute.FileTime
 396:            10            160  java.util.HashMap$EntrySet
 397:            10            160  java.util.HashMap$Values
 398:             5            160  java.util.concurrent.atomic.AtomicIntegerFieldUpdater$AtomicIntegerFieldUpdaterImpl
 399:             5            160  javax.management.StandardEmitterMBean
 400:             5            160  org.apache.log4j.helpers.PatternParser$LiteralPatternConverter
 401:             4            160  sun.rmi.transport.WeakRef
 402:             4            160  sun.rmi.transport.tcp.TCPTransport$ConnectionHandler
 403:             5            160  sun.util.locale.provider.LocaleProviderAdapter$Type
 404:             1            152  io.netty.channel.nio.NioEventLoop
 405:             3            144  [Lio.netty.util.internal.PriorityQueueNode;
 406:             3            144  com.intellij.util.io.FileAccessorCache$1
 407:             9            144  com.intellij.util.io.PersistentBTreeEnumerator$RecordBufferHandler
 408:             9            144  java.lang.Boolean
 409:             6            144  java.lang.Thread$State
 410:             3            144  java.lang.ThreadGroup
 411:             6            144  java.lang.ThreadLocal$ThreadLocalMap
 412:             6            144  java.net.InetSocketAddress$InetSocketAddressHolder
 413:             9            144  java.rmi.server.Operation
 414:             6            144  java.util.BitSet
 415:             6            144  java.util.Collections$SynchronizedSet
 416:             2            144  java.util.concurrent.ThreadPoolExecutor
 417:             2            144  javax.management.remote.rmi.RMIConnectionImpl$CombinedClassLoader
 418:             2            144  javax.management.remote.rmi.RMIConnectionImpl$CombinedClassLoader$ClassLoaderWrapper
 419:             3            144  org.jetbrains.jps.builders.java.dependencyView.IntIntPersistentMultiMaplet$1
 420:             6            144  org.jetbrains.jps.incremental.ModuleBuildTarget
 421:             6            144  org.jetbrains.jps.maven.model.impl.MavenAnnotationProcessorTarget
 422:             6            144  org.jetbrains.jps.maven.model.impl.MavenResourcesTarget
 423:             6            144  sun.misc.PerfCounter
 424:             6            144  sun.security.util.DisabledAlgorithmConstraints$Constraint$Operator
 425:             3            144  sun.util.locale.provider.LocaleResources$ResourceReference
 426:             1            136  [Ljava.util.List;
 427:             1            136  io.netty.util.internal.InternalThreadLocalMap
 428:             4            128  [Ljava.lang.Boolean;
 429:             3            128  [Ljava.lang.Thread;
 430:             2            128  [Lorg.jdom.AttributeType;
 431:             8            128  [Lsun.reflect.generics.tree.TypeSignature;
 432:             8            128  com.google.gson.TypeAdapter$1
 433:             4            128  com.intellij.util.io.AppendableStorageBackedByResizableMappedFile$MyDataIS
 434:             8            128  com.intellij.util.io.CompressedAppendableFile$$Lambda$50/404214852
 435:             4            128  com.intellij.util.io.MappedFileInputStream
 436:             8            128  com.intellij.util.io.PersistentHashMap$$Lambda$47/1782580546
 437:             8            128  com.intellij.util.io.PersistentHashMap$1
 438:             8            128  com.intellij.util.io.PersistentHashMap$3
 439:             4            128  com.sun.jmx.mbeanserver.DefaultMXBeanMappingFactory$ArrayMapping
 440:             1            128  com.sun.org.apache.xerces.internal.impl.XMLEntityManager
 441:             4            128  io.netty.util.Recycler$DefaultHandle
 442:             2            128  io.netty.util.concurrent.ScheduledFutureTask
 443:             2            128  java.io.ExpiringCache$1
 444:             2            128  java.security.SecureRandom
 445:             8            128  java.util.regex.Pattern$BranchConn
 446:             2            128  javax.management.remote.rmi.RMIConnectionImpl
 447:             4            128  org.jetbrains.jps.builders.java.FilteredResourceRootDescriptor
 448:             4            128  org.jetbrains.jps.builders.java.ResourceRootDescriptor
 449:             4            128  org.jetbrains.jps.model.module.impl.JpsModuleSourceRootImpl
 450:             1            128  sun.nio.ch.WindowsSelectorImpl
 451:             4            128  sun.rmi.transport.LiveRef
 452:             1            120  [[Ljava.lang.String;
 453:             5            120  com.sun.org.apache.xerces.internal.utils.XMLSecurityManager$State
 454:             5            120  com.sun.org.apache.xerces.internal.utils.XMLSecurityPropertyManager$State
 455:             5            120  java.io.BufferedOutputStream
 456:             3            120  java.lang.invoke.BoundMethodHandle$Species_LL
 457:             5            120  java.rmi.server.ObjID
 458:             5            120  java.util.concurrent.LinkedBlockingQueue$Node
 459:             5            120  java.util.stream.StreamOpFlag$Type
 460:             3            120  org.jetbrains.jps.maven.model.impl.MavenResourceRootDescriptor
 461:             5            120  org.jetbrains.jps.model.impl.JpsUrlListImpl
 462:             5            120  sun.misc.FloatingDecimal$PreparedASCIIToBinaryBuffer
 463:             5            120  sun.nio.fs.WindowsPathType
 464:             3            120  sun.rmi.server.UnicastServerRef2
 465:             6            112  [Ljava.lang.StackTraceElement;
 466:             2            112  [Ljava.lang.invoke.MethodType;
 467:             2            112  [Ljava.security.CryptoPrimitive;
 468:             2            112  com.intellij.util.containers.ConcurrentIntObjectHashMap
 469:             1            112  io.netty.channel.socket.nio.NioSocketChannel
 470:             2            112  java.net.SocketPermission
 471:             1            112  java.util.GregorianCalendar
 472:             1            104  org.jetbrains.jps.builders.java.dependencyView.Mappings
 473:             2             96  [Lcom.sun.org.apache.xerces.internal.utils.XMLSecurityManager$State;
 474:             3             96  com.sun.jmx.mbeanserver.DefaultMXBeanMappingFactory$EnumMapping
 475:             3             96  com.sun.org.apache.xerces.internal.utils.XMLSecurityManager$NameMap
 476:             6             96  com.sun.proxy.$Proxy6
 477:             2             96  gnu.trove.TObjectLongHashMap
 478:             4             96  io.netty.util.Recycler$2
 479:             4             96  io.netty.util.ResourceLeakDetector$Level
 480:             3             96  java.io.DataOutputStream
 481:             3             96  java.io.FileOutputStream
 482:             4             96  java.io.OutputStreamWriter
 483:             6             96  java.net.InetSocketAddress
 484:             4             96  java.rmi.dgc.VMID
 485:             3             96  java.security.BasicPermissionCollection
 486:             3             96  java.security.MessageDigest$Delegate
 487:             4             96  java.util.Collections$SetFromMap
 488:             6             96  java.util.LinkedHashMap$LinkedValues
 489:             6             96  java.util.concurrent.atomic.AtomicBoolean
 490:             3             96  java.util.concurrent.locks.AbstractQueuedSynchronizer$Node
 491:             4             96  java.util.regex.Pattern$1
 492:             4             96  java.util.stream.StreamShape
 493:             2             96  javax.management.openmbean.TabularType
 494:             2             96  javax.management.remote.rmi.RMIConnectionImpl$RMIServerCommunicatorAdmin
 495:             3             96  org.apache.log4j.helpers.PatternParser$BasicPatternConverter
 496:             4             96  org.jdom.Namespace
 497:             4             96  org.jetbrains.jps.api.CmdlineRemoteProto$Message$BuilderMessage$Type
 498:             4             96  org.jetbrains.jps.incremental.GlobalContextKey
 499:             4             96  org.jetbrains.jps.incremental.groovy.GroovyResourceRootDescriptor
 500:             3             96  org.jetbrains.jps.maven.model.impl.ResourceRootConfiguration
 501:             6             96  org.jetbrains.jps.model.impl.JpsUrlListRole
 502:             4             96  org.jetbrains.jps.model.java.JpsJavaClasspathKind
 503:             4             96  org.jetbrains.jps.model.java.JpsJavaDependencyScope
 504:             2             96  org.jetbrains.jps.model.java.impl.compiler.ProcessorConfigProfileImpl
 505:             4             96  org.jetbrains.jps.model.library.impl.JpsLibraryRootRole
 506:             4             96  org.jetbrains.jps.model.serialization.library.JpsLibraryRootTypeSerializer
 507:             2             96  sun.management.GarbageCollectorImpl
 508:             4             96  sun.misc.JarIndex
 509:             1             96  sun.misc.Launcher$AppClassLoader
 510:             3             96  sun.reflect.UnsafeBooleanFieldAccessorImpl
 511:             4             96  sun.rmi.transport.ObjectEndpoint
 512:             1             96  sun.security.jca.ProviderList$1
 513:             3             96  sun.security.provider.SecureRandom
 514:             1             96  sun.security.provider.Sun
 515:             1             96  sun.util.calendar.Gregorian$Date
 516:             3             88  [Ljava.rmi.server.Operation;
 517:             1             88  io.netty.buffer.PoolChunk
 518:             1             88  java.net.URLClassLoader
 519:             1             88  org.apache.log4j.RollingFileAppender
 520:             1             88  sun.misc.Launcher$ExtClassLoader
 521:             2             80  [F
 522:             2             80  [Lio.netty.buffer.PoolArena;
 523:             1             80  [Lio.netty.handler.codec.CodecOutputList;
 524:             1             80  [Ljava.util.concurrent.RunnableScheduledFuture;
 525:             1             80  [Ljava.util.concurrent.locks.Lock;
 526:             2             80  [Ljava.util.stream.StreamOpFlag$Type;
 527:             1             80  com.google.gson.Gson
 528:             2             80  com.intellij.util.concurrency.BoundedTaskExecutor
 529:             2             80  com.sun.jmx.mbeanserver.DefaultMXBeanMappingFactory$TabularMapping
 530:             5             80  com.sun.org.apache.xerces.internal.util.AugmentationsImpl
 531:             5             80  com.sun.proxy.$Proxy13
 532:             1             80  io.netty.buffer.PooledDirectByteBuf
 533:             2             80  java.io.BufferedWriter
 534:             2             80  java.io.ExpiringCache
 535:             2             80  java.lang.invoke.DirectMethodHandle$Constructor
 536:             2             80  java.lang.invoke.MethodHandleImpl$AsVarargsCollector
 537:             5             80  java.util.Collections$SingletonSet
 538:             2             80  java.util.Locale$Category
 539:             1             80  java.util.concurrent.ScheduledThreadPoolExecutor
 540:             2             80  java.util.regex.Pattern$Loop
 541:             1             80  org.jetbrains.jps.cmdline.ProjectDescriptor
 542:             1             80  org.jetbrains.jps.model.java.impl.compiler.JpsJavaCompilerConfigurationImpl
 543:             2             80  sun.management.MemoryManagerImpl
 544:             2             80  sun.misc.FloatingDecimal$BinaryToASCIIBuffer
 545:             2             80  sun.nio.ch.SocketAdaptor
 546:             2             80  sun.nio.fs.WindowsPath
 547:             1             80  sun.reflect.misc.MethodUtil
 548:             1             72  [Ljava.lang.invoke.LambdaFormEditor$Transform$Kind;
 549:             1             72  [Ljavax.management.openmbean.SimpleType;
 550:             1             72  [Lorg.jetbrains.jps.model.java.LanguageLevel;
 551:             2             72  [Lsun.security.jca.ProviderConfig;
 552:             3             72  com.intellij.openapi.util.io.FileAttributes$Type
 553:             3             72  com.intellij.util.ThreeState
 554:             3             72  com.intellij.util.containers.JBIterator$Do
 555:             3             72  com.intellij.util.containers.TreeTraversal$BiOrderIt$Order
 556:             3             72  io.netty.buffer.PoolArena$SizeClass
 557:             3             72  java.lang.annotation.RetentionPolicy
 558:             3             72  java.security.SecurityPermission
 559:             1             72  java.util.ResourceBundle$RBClassLoader
 560:             1             72  java.util.concurrent.ScheduledThreadPoolExecutor$ScheduledFutureTask
 561:             1             72  java.util.logging.LogManager$RootLogger
 562:             3             72  java.util.regex.Pattern$CharProperty$1
 563:             3             72  java.util.stream.Collector$Characteristics
 564:             3             72  org.jetbrains.jps.api.CmdlineRemoteProto$Message$Type
 565:             3             72  org.jetbrains.jps.builders.java.dependencyView.IntIntPersistentMultiMaplet
 566:             3             72  org.jetbrains.jps.indices.impl.ModuleExcludeIndexImpl$FileLocation
 567:             3             72  org.jetbrains.jps.intellilang.instrumentation.InstrumentationType
 568:             1             72  org.jetbrains.jps.maven.model.impl.MavenModuleResourceConfiguration
 569:             3             72  org.jetbrains.jps.model.library.JpsLibraryRoot$InclusionOptions
 570:             3             72  sun.misc.FloatingDecimal$ExceptionalBinaryToASCIIBuffer
 571:             3             72  sun.misc.ObjectInputFilter$Status
 572:             1             72  sun.util.locale.provider.JRELocaleProviderAdapter
 573:             2             64  [Lcom.sun.org.apache.xerces.internal.impl.XMLEntityManager$CharacterBuffer;
 574:             2             64  [Lcom.sun.org.apache.xerces.internal.utils.XMLSecurityPropertyManager$State;
 575:             4             64  [Ljava.io.File;
 576:             2             64  [Ljava.lang.annotation.RetentionPolicy;
 577:             2             64  [Ljava.util.stream.Collector$Characteristics;
 578:             2             64  [Lorg.jetbrains.jps.model.java.JpsJavaClasspathKind;
 579:             2             64  [Lorg.jetbrains.jps.model.java.JpsJavaDependencyScope;
 580:             4             64  com.intellij.openapi.util.io.FileFilters$1
 581:             2             64  com.intellij.util.EventDispatcher
 582:             2             64  com.sun.jmx.mbeanserver.DefaultMXBeanMappingFactory$CollectionMapping
 583:             1             64  com.sun.jmx.remote.internal.ArrayNotificationBuffer
 584:             1             64  com.sun.org.apache.xerces.internal.impl.XMLEntityScanner
 585:             1             64  com.sun.org.apache.xerces.internal.impl.XMLStreamReaderImpl
 586:             2             64  com.sun.org.apache.xerces.internal.util.XMLResourceIdentifierImpl
 587:             2             64  com.sun.org.apache.xerces.internal.utils.XMLSecurityPropertyManager$Property
 588:             4             64  com.sun.proxy.$Proxy10
 589:             4             64  com.sun.proxy.$Proxy14
 590:             4             64  com.sun.proxy.$Proxy2
 591:             2             64  io.netty.buffer.EmptyByteBuf
 592:             1             64  io.netty.buffer.PoolThreadCache
 593:             1             64  io.netty.buffer.PooledByteBufAllocator
 594:             2             64  io.netty.channel.AdaptiveRecvByteBufAllocator
 595:             1             64  io.netty.channel.ChannelOutboundBuffer
 596:             1             64  io.netty.channel.ChannelOutboundBuffer$Entry
 597:             1             64  io.netty.channel.DefaultChannelPipeline$HeadContext
 598:             1             64  io.netty.channel.socket.nio.NioSocketChannel$NioSocketChannelConfig
 599:             2             64  io.netty.util.Recycler$WeakOrderQueue
 600:             2             64  io.netty.util.concurrent.DefaultPromise
 601:             4             64  io.netty.util.internal.TypeParameterMatcher$ReflectiveMatcher
 602:             2             64  java.io.PrintStream
 603:             2             64  java.lang.ClassValue$Entry
 604:             2             64  java.lang.UnsupportedOperationException
 605:             2             64  java.lang.VirtualMachineError
 606:             2             64  java.lang.ref.ReferenceQueue$Null
 607:             4             64  java.util.LinkedHashMap$LinkedEntrySet
 608:             2             64  java.util.PropertyPermission
 609:             2             64  java.util.concurrent.SynchronousQueue
 610:             2             64  java.util.regex.Pattern$Behind
 611:             1             64  javax.management.remote.rmi.RMIConnectorServer
 612:             2             64  org.jetbrains.jps.builders.java.JavaSourceRootDescriptor
 613:             2             64  org.jetbrains.jps.incremental.groovy.GroovyBuilder
 614:             1             64  org.jetbrains.jps.incremental.storage.BuildDataManager
 615:             2             64  org.jetbrains.jps.model.impl.runConfiguration.JpsRunConfigurationImpl
 616:             4             64  sun.net.www.protocol.jar.Handler
 617:             2             64  sun.rmi.transport.DGCImpl$LeaseInfo
 618:             2             64  sun.rmi.transport.tcp.TCPTransport
 619:             2             64  sun.util.locale.provider.LocaleResources
 620:             2             64  sun.util.locale.provider.LocaleServiceProviderPool
 621:             1             56  [Lcom.google.protobuf.GeneratedMessageLite$MethodToInvoke;
 622:             1             56  [Lcom.sun.org.apache.xerces.internal.impl.XMLScanner$NameType;
 623:             1             56  [Lcom.sun.org.apache.xerces.internal.utils.XMLSecurityManager$Limit;
 624:             1             56  [Ljava.lang.Runnable;
 625:             1             56  [Ljava.util.Map;
 626:             1             56  [Lsun.util.logging.PlatformLogger$Level;
 627:             1             56  [[I
 628:             1             56  com.intellij.util.containers.FilteredTraverserBase$Meta
 629:             1             56  com.intellij.util.io.PagedFileStorage$StorageLock
 630:             1             56  com.intellij.util.io.PagedFileStorage$StorageLock$1
 631:             1             56  com.sun.jmx.remote.internal.ServerNotifForwarder
 632:             1             56  com.sun.org.apache.xerces.internal.util.XMLAttributesIteratorImpl
 633:             1             56  io.netty.channel.DefaultChannelPipeline$TailContext
 634:             1             56  io.netty.util.concurrent.GlobalEventExecutor
 635:             1             56  java.lang.invoke.LambdaFormEditor$Transform
 636:             1             56  java.util.logging.LogManager
 637:             1             56  java.util.zip.ZipFile$ZipFileInputStream
 638:             1             56  javax.management.remote.rmi.RMIJRMPServerImpl
 639:             1             56  org.jetbrains.jps.api.CmdlineRemoteProto$Message
 640:             1             56  sun.nio.ch.SinkChannelImpl
 641:             1             56  sun.nio.ch.SourceChannelImpl
 642:             1             56  sun.rmi.runtime.Log$InternalStreamHandler
 643:             1             48  [Lcom.intellij.diagnostic.LoadingState;
 644:             2             48  [Lcom.intellij.util.xmlb.annotations.Property$Style;
 645:             2             48  [Lcom.intellij.util.xmlb.annotations.XCollection$Style;
 646:             1             48  [Lcom.sun.beans.util.Cache$CacheEntry;
 647:             1             48  [Lcom.sun.management.VMOption$Origin;
 648:             1             48  [Ljava.beans.WeakIdentityMap$Entry;
 649:             3             48  [Ljava.lang.annotation.Annotation;
 650:             1             48  [Ljava.lang.invoke.MethodHandleImpl$Intrinsic;
 651:             2             48  [Ljava.net.InetAddress;
 652:             1             48  [Ljava.util.concurrent.TimeUnit;
 653:             1             48  [Lorg.jdom.Content$CType;
 654:             1             48  [Lorg.jetbrains.jps.incremental.BuilderCategory;
 655:             2             48  [Lorg.jetbrains.jps.model.serialization.library.JpsLibraryRootTypeSerializer;
 656:             1             48  [Lsun.management.counter.Units;
 657:             1             48  [Lsun.nio.ch.SelectionKeyImpl;
 658:             1             48  [[Ljava.lang.Object;
 659:             2             48  com.google.gson.internal.bind.TypeAdapters$35
 660:             2             48  com.intellij.flex.build.FlexResourceBuildTargetType
 661:             2             48  com.intellij.openapi.util.LowMemoryWatcher$LowMemoryWatcherType
 662:             2             48  com.intellij.openapi.util.Pair
 663:             2             48  com.intellij.openapi.util.io.PathExecLazyValue
 664:             2             48  com.intellij.util.EventDispatcher$1
 665:             2             48  com.intellij.util.PathUtilRt$Platform
 666:             2             48  com.intellij.util.concurrency.AtomicFieldUpdater
 667:             2             48  com.intellij.util.containers.ConcurrentFactoryMap$2
 668:             3             48  com.intellij.util.containers.ContainerUtil$ImmutableListBackedByArray
 669:             2             48  com.intellij.util.containers.DisposableWrapperList
 670:             2             48  com.intellij.util.containers.FilteredTraverserBase$Cond
 671:             1             48  com.intellij.util.io.CompressedAppendableFile$FileChunkReadCache
 672:             2             48  com.intellij.util.xmlb.annotations.Property$Style
 673:             2             48  com.intellij.util.xmlb.annotations.XCollection$Style
 674:             2             48  com.sun.jmx.mbeanserver.ClassLoaderRepositorySupport$LoaderEntry
 675:             1             48  com.sun.jmx.mbeanserver.DefaultMXBeanMappingFactory$Mappings
 676:             1             48  com.sun.jmx.mbeanserver.MBeanIntrospector$MBeanInfoMap
 677:             1             48  com.sun.jmx.mbeanserver.MBeanIntrospector$PerInterfaceMap
 678:             2             48  com.sun.jmx.mbeanserver.WeakIdentityHashMap
 679:             2             48  com.sun.jmx.remote.internal.ServerNotifForwarder$IdAndFilter
 680:             2             48  com.sun.org.apache.xerces.internal.impl.PropertyManager
 681:             1             48  com.sun.org.apache.xerces.internal.impl.XMLDocumentFragmentScannerImpl$ElementStack
 682:             1             48  com.sun.xml.internal.stream.StaxErrorReporter
 683:             1             48  gnu.trove.TIntHashSet
 684:             1             48  io.netty.channel.DefaultChannelPipeline
 685:             2             48  io.netty.channel.VoidChannelPromise
 686:             2             48  io.netty.util.Recycler$WeakOrderQueue$Head
 687:             2             48  io.netty.util.internal.DefaultPriorityQueue
 688:             2             48  java.io.File$PathStatus
 689:             1             48  java.lang.ProcessEnvironment
 690:             2             48  java.lang.StringBuffer
 691:             2             48  java.lang.StringBuilder
 692:             1             48  java.lang.invoke.BoundMethodHandle$Species_L4
 693:             2             48  java.lang.invoke.MethodHandles$Lookup
 694:             2             48  java.lang.management.MemoryType
 695:             2             48  java.lang.reflect.ReflectPermission
 696:             2             48  java.net.InetAddress$Cache
 697:             2             48  java.net.InetAddress$Cache$Type
 698:             2             48  java.net.StandardProtocolFamily
 699:             3             48  java.nio.channels.spi.AbstractInterruptibleChannel$1
 700:             2             48  java.nio.charset.CoderResult
 701:             3             48  java.nio.charset.CodingErrorAction
 702:             2             48  java.security.AllPermissionCollection
 703:             2             48  java.util.Date
 704:             3             48  java.util.TreeMap$KeySet
 705:             2             48  java.util.concurrent.ConcurrentHashMap$KeySetView
 706:             2             48  java.util.concurrent.ConcurrentLinkedQueue
 707:             2             48  java.util.concurrent.ConcurrentLinkedQueue$Node
 708:             2             48  java.util.concurrent.Executors$RunnableAdapter
 709:             1             48  java.util.concurrent.locks.ReentrantReadWriteLock$FairSync
 710:             2             48  java.util.logging.Logger$LoggerBundle
 711:             2             48  java.util.regex.Pattern$5
 712:             2             48  java.util.regex.Pattern$BitClass
 713:             2             48  java.util.regex.Pattern$Prolog
 714:             2             48  java.util.regex.Pattern$SliceI
 715:             2             48  javax.management.NotificationBroadcasterSupport$ListenerInfo
 716:             1             48  org.apache.log4j.Hierarchy
 717:             1             48  org.apache.log4j.helpers.PatternParser
 718:             1             48  org.jetbrains.jps.api.CmdlineRemoteProto$Message$BuilderMessage
 719:             1             48  org.jetbrains.jps.api.CmdlineRemoteProto$Message$UUID
 720:             2             48  org.jetbrains.jps.builders.java.JavaModuleBuildTargetType
 721:             2             48  org.jetbrains.jps.builders.java.ResourcesTargetType
 722:             3             48  org.jetbrains.jps.builders.java.dependencyView.IntIntPersistentMultiMaplet$IntSetExternalizer
 723:             1             48  org.jetbrains.jps.builders.java.dependencyView.IntObjectPersistentMultiMaplet$1
 724:             1             48  org.jetbrains.jps.builders.java.dependencyView.ObjectObjectPersistentMultiMaplet$1
 725:             2             48  org.jetbrains.jps.gradle.model.impl.GradleResourcesTargetType
 726:             2             48  org.jetbrains.jps.incremental.groovy.CheckResourcesTarget
 727:             2             48  org.jetbrains.jps.incremental.groovy.CheckResourcesTarget$Type
 728:             2             48  org.jetbrains.jps.incremental.relativizer.CommonPathRelativizer
 729:             2             48  org.jetbrains.jps.maven.model.impl.MavenAnnotationProcessorTargetType
 730:             2             48  org.jetbrains.jps.maven.model.impl.MavenIdBean
 731:             2             48  org.jetbrains.jps.maven.model.impl.MavenResourcesTargetType
 732:             2             48  org.jetbrains.jps.model.java.JavaResourceRootProperties
 733:             2             48  org.jetbrains.jps.model.java.JavaResourceRootType
 734:             2             48  org.jetbrains.jps.model.java.JavaSourceRootProperties
 735:             2             48  org.jetbrains.jps.model.java.JavaSourceRootType
 736:             2             48  org.jetbrains.jps.model.java.impl.compiler.JpsCompilerExcludesImpl
 737:             3             48  org.jetbrains.jps.model.library.impl.JpsLibraryCollectionImpl
 738:             2             48  org.jetbrains.jps.model.module.impl.JpsSdkReferencesTableImpl
 739:             2             48  org.jetbrains.jps.model.serialization.runConfigurations.JpsUnknownRunConfigurationType
 740:             2             48  sun.management.ManagementFactoryHelper$1
 741:             2             48  sun.misc.NativeSignalHandler
 742:             2             48  sun.misc.Signal
 743:             1             48  sun.nio.ch.WindowsSelectorImpl$FdMap
 744:             3             48  sun.rmi.server.UnicastRef2
 745:             2             48  sun.rmi.transport.SequenceEntry
 746:             3             48  sun.rmi.transport.tcp.TCPTransport$ConnectionHandler$$Lambda$60/514379891
 747:             2             48  sun.security.jca.ProviderList
 748:             2             48  sun.security.jca.ProviderList$3
 749:             1             40  [Lcom.google.gson.FieldNamingPolicy;
 750:             2             40  [Lcom.sun.jmx.mbeanserver.ClassLoaderRepositorySupport$LoaderEntry;
 751:             1             40  [Ljava.lang.Thread$State;
 752:             1             40  [Ljava.lang.management.MemoryPoolMXBean;
 753:             1             40  [Ljava.nio.charset.Charset;
 754:             1             40  [Ljava.util.stream.StreamOpFlag;
 755:             1             40  [Lsun.nio.fs.WindowsPathType;
 756:             1             40  [Lsun.security.util.DisabledAlgorithmConstraints$Constraint$Operator;
 757:             1             40  [Lsun.util.locale.provider.LocaleProviderAdapter$Type;
 758:             1             40  [[Ljava.lang.invoke.LambdaForm$Name;
 759:             1             40  [[S
 760:             1             40  com.google.gson.internal.Excluder
 761:             1             40  com.intellij.openapi.util.io.FileAttributes
 762:             1             40  com.sun.beans.finder.MethodFinder$1
 763:             1             40  com.sun.jmx.interceptor.DefaultMBeanServerInterceptor
 764:             1             40  com.sun.jmx.mbeanserver.JmxMBeanServer
 765:             1             40  com.sun.jmx.mbeanserver.MBeanServerDelegateImpl
 766:             1             40  com.sun.org.apache.xerces.internal.impl.XMLDocumentFragmentScannerImpl$ElementStack2
 767:             1             40  com.sun.org.apache.xerces.internal.impl.XMLEntityManager$CharacterBufferPool
 768:             1             40  com.sun.org.apache.xerces.internal.impl.dtd.XMLDTDDescription
 769:             1             40  com.sun.org.apache.xerces.internal.util.SymbolTable
 770:             1             40  com.sun.org.apache.xerces.internal.utils.XMLLimitAnalyzer
 771:             1             40  com.sun.org.apache.xerces.internal.utils.XMLSecurityManager
 772:             1             40  com.sun.xml.internal.stream.XMLEntityStorage
 773:             1             40  io.netty.channel.AbstractChannel$CloseFuture
 774:             1             40  io.netty.channel.socket.nio.NioSocketChannel$NioSocketChannelUnsafe
 775:             1             40  io.netty.handler.codec.protobuf.ProtobufVarint32FrameDecoder
 776:             1             40  java.beans.WeakIdentityMap$Entry
 777:             1             40  java.util.ResourceBundle$1
 778:             1             40  javax.management.remote.rmi.RMIConnectionImpl$4
 779:             1             40  org.apache.log4j.helpers.CountingQuietWriter
 780:             1             40  org.apache.log4j.helpers.PatternParser$CategoryPatternConverter
 781:             1             40  org.apache.log4j.helpers.PatternParser$DatePatternConverter
 782:             1             40  org.apache.log4j.spi.RootLogger
 783:             1             40  org.jetbrains.jps.cmdline.PreloadedData
 784:             1             40  org.jetbrains.jps.incremental.storage.BuildTargetSourcesState
 785:             1             40  org.jetbrains.jps.incremental.storage.FileTimestampStorage
 786:             1             40  org.jetbrains.jps.incremental.storage.OneToManyPathsMapping
 787:             1             40  org.jetbrains.jps.incremental.storage.OutputToTargetRegistry
 788:             1             40  org.jetbrains.jps.model.impl.JpsProjectImpl
 789:             1             40  org.jetbrains.jps.model.java.compiler.EclipseCompilerOptions
 790:             1             40  org.jetbrains.jps.model.java.impl.JpsJavaModuleExtensionImpl
 791:             1             40  sun.management.DiagnosticCommandImpl
 792:             1             40  sun.nio.ch.SelectionKeyImpl
 793:             1             40  sun.nio.cs.StandardCharsets$Aliases
 794:             1             40  sun.nio.cs.StandardCharsets$Cache
 795:             1             40  sun.nio.cs.StandardCharsets$Classes
 796:             1             40  sun.nio.cs.UTF_8$Decoder
 797:             1             40  sun.nio.cs.ext.ExtendedCharsets
 798:             1             40  sun.rmi.server.UnicastServerRef
 799:             1             40  sun.util.logging.resources.logging
 800:             1             40  sun.util.logging.resources.logging_zh_CN
 801:             1             32  [Lcom.intellij.openapi.util.io.FileAttributes$Type;
 802:             1             32  [Lcom.intellij.util.ThreeState;
 803:             1             32  [Lcom.intellij.util.containers.JBIterator$Do;
 804:             1             32  [Lcom.intellij.util.containers.TreeTraversal$BiOrderIt$Order;
 805:             1             32  [Lcom.sun.beans.util.Cache$Kind;
 806:             1             32  [Lcom.sun.org.apache.xerces.internal.util.XMLAttributesImpl$Attribute;
 807:             1             32  [Lcom.sun.org.apache.xerces.internal.utils.XMLSecurityManager$NameMap;
 808:             1             32  [Lio.netty.buffer.PoolArena$SizeClass;
 809:             1             32  [Lio.netty.util.ResourceLeakDetector$Level;
 810:             2             32  [Ljava.lang.Enum;
 811:             1             32  [Ljava.lang.OutOfMemoryError;
 812:             1             32  [Ljava.lang.ThreadGroup;
 813:             1             32  [Ljava.lang.management.MemoryManagerMXBean;
 814:             2             32  [Ljava.security.cert.Certificate;
 815:             1             32  [Ljava.util.stream.StreamShape;
 816:             1             32  [Lorg.jetbrains.jps.api.CmdlineRemoteProto$Message$BuilderMessage$Type;
 817:             1             32  [Lorg.jetbrains.jps.api.CmdlineRemoteProto$Message$Type;
 818:             1             32  [Lorg.jetbrains.jps.indices.impl.ModuleExcludeIndexImpl$FileLocation;
 819:             1             32  [Lorg.jetbrains.jps.intellilang.instrumentation.InstrumentationType;
 820:             1             32  [Lorg.jetbrains.jps.model.library.JpsLibraryRoot$InclusionOptions;
 821:             1             32  [Lorg.jetbrains.jps.model.serialization.JpsGlobalExtensionSerializer;
 822:             1             32  [Lsun.misc.ObjectInputFilter$Status;
 823:             1             32  com.google.gson.internal.bind.ReflectiveTypeAdapterFactory
 824:             1             32  com.google.protobuf.UnknownFieldSetLite
 825:             1             32  com.intellij.lang.aspectj.build.config.AjCompilerSettings
 826:             2             32  com.intellij.openapi.diagnostic.DefaultLogger
 827:             1             32  com.intellij.openapi.fileTypes.impl.FileTypeAssocTable
 828:             2             32  com.intellij.openapi.util.StaticGetter
 829:             2             32  com.intellij.openapi.util.ThreadLocalCachedByteArray
 830:             2             32  com.intellij.util.ObjectUtils$Sentinel
 831:             2             32  com.intellij.util.containers.LockFreeCopyOnWriteArrayList
 832:             1             32  com.intellij.util.containers.WeakList
 833:             1             32  com.intellij.util.io.CachingEnumerator
 834:             1             32  com.intellij.util.io.PersistentHashMapValueStorage$1
 835:             1             32  com.intellij.util.io.PersistentHashMapValueStorage$2
 836:             1             32  com.intellij.util.io.PersistentHashMapValueStorage$3
 837:             1             32  com.intellij.util.text.CharArrayCharSequence
 838:             2             32  com.intellij.util.text.CharSequenceHashingStrategy
 839:             2             32  com.intellij.util.xmlb.SkipDefaultValuesSerializationFilters
 840:             2             32  com.sun.beans.WeakCache
 841:             1             32  com.sun.beans.finder.BeanInfoFinder
 842:             1             32  com.sun.jmx.mbeanserver.Repository
 843:             1             32  com.sun.jmx.remote.internal.ArrayQueue
 844:             2             32  com.sun.jmx.remote.internal.ServerCommunicatorAdmin$Timeout
 845:             2             32  com.sun.jmx.remote.security.SubjectDelegator
 846:             1             32  com.sun.org.apache.xerces.internal.impl.XMLEntityScanner$1
 847:             1             32  com.sun.org.apache.xerces.internal.util.NamespaceSupport
 848:             2             32  com.sun.proxy.$Proxy7
 849:             1             32  io.netty.buffer.PoolThreadCache$MemoryRegionCache$1
 850:             1             32  io.netty.buffer.PoolThreadCache$MemoryRegionCache$Entry
 851:             1             32  io.netty.buffer.PooledDirectByteBuf$1
 852:             1             32  io.netty.buffer.UnpooledByteBufAllocator
 853:             1             32  io.netty.channel.AbstractChannelHandlerContext$WriteAndFlushTask
 854:             1             32  io.netty.channel.AbstractChannelHandlerContext$WriteAndFlushTask$1
 855:             1             32  io.netty.channel.ChannelOutboundBuffer$Entry$1
 856:             1             32  io.netty.channel.DefaultChannelId
 857:             1             32  io.netty.channel.nio.NioEventLoopGroup
 858:             1             32  io.netty.handler.codec.CodecOutputList$CodecOutputLists
 859:             1             32  io.netty.handler.codec.protobuf.ProtobufDecoder
 860:             1             32  io.netty.util.Recycler$WeakOrderQueue$Link
 861:             1             32  io.netty.util.ResourceLeakDetector
 862:             1             32  io.netty.util.concurrent.DefaultThreadFactory
 863:             1             32  java.beans.ThreadGroupContext
 864:             1             32  java.beans.ThreadGroupContext$1
 865:             1             32  java.io.FileInputStream
 866:             1             32  java.io.SerializablePermission
 867:             1             32  java.io.WinNTFileSystem
 868:             1             32  java.lang.ArithmeticException
 869:             1             32  java.lang.ArrayIndexOutOfBoundsException
 870:             1             32  java.lang.Exception
 871:             2             32  java.lang.InheritableThreadLocal
 872:             1             32  java.lang.NullPointerException
 873:             2             32  java.lang.Shutdown$Lock
 874:             1             32  java.lang.StackTraceElement
 875:             1             32  java.lang.reflect.WeakCache
 876:             1             32  java.lang.reflect.WeakCache$CacheKey
 877:             2             32  java.nio.ByteOrder
 878:             1             32  java.text.DontCareFieldPosition
 879:             2             32  java.util.HashMap$KeySet
 880:             2             32  java.util.LinkedHashMap$LinkedKeySet
 881:             1             32  java.util.Random
 882:             2             32  java.util.TreeSet
 883:             1             32  java.util.UUID
 884:             1             32  java.util.concurrent.CancellationException
 885:             1             32  java.util.concurrent.CountDownLatch$Sync
 886:             1             32  java.util.concurrent.ScheduledThreadPoolExecutor$DelayedWorkQueue
 887:             2             32  java.util.concurrent.SynchronousQueue$TransferStack
 888:             1             32  java.util.concurrent.SynchronousQueue$TransferStack$SNode
 889:             1             32  java.util.concurrent.ThreadLocalRandom
 890:             2             32  java.util.concurrent.atomic.AtomicReference
 891:             1             32  java.util.logging.LogManager$SystemLoggerContext
 892:             1             32  java.util.regex.Pattern$BnM
 893:             2             32  java.util.regex.Pattern$Dot
 894:             1             32  javax.management.MBeanConstructorInfo
 895:             2             32  javax.management.NotificationFilterSupport
 896:             1             32  javax.management.remote.JMXServiceURL
 897:             2             32  javax.management.remote.rmi.RMIConnectionImpl_Stub
 898:             1             32  org.apache.log4j.PatternLayout
 899:             1             32  org.jetbrains.jps.builders.impl.BuildRootIndexImpl
 900:             1             32  org.jetbrains.jps.builders.impl.BuildTargetIndexImpl
 901:             1             32  org.jetbrains.jps.builders.java.dependencyView.DependencyContext
 902:             1             32  org.jetbrains.jps.builders.java.dependencyView.Mappings$2
 903:             1             32  org.jetbrains.jps.cmdline.BuildMain$MyMessageHandler
 904:             1             32  org.jetbrains.jps.cmdline.BuildRunner
 905:             1             32  org.jetbrains.jps.cmdline.JpsModelLoaderImpl
 906:             1             32  org.jetbrains.jps.incremental.BuilderRegistry
 907:             1             32  org.jetbrains.jps.incremental.CompilerEncodingConfiguration
 908:             1             32  org.jetbrains.jps.incremental.fs.BuildFSState
 909:             2             32  org.jetbrains.jps.incremental.groovy.CompilingGroovycRunner
 910:             1             32  org.jetbrains.jps.incremental.groovy.GreclipseBuilder
 911:             1             32  org.jetbrains.jps.incremental.storage.BuildTargetsState
 912:             1             32  org.jetbrains.jps.indices.impl.ModuleExcludeIndexImpl
 913:             1             32  org.jetbrains.jps.maven.model.impl.MavenProjectConfiguration
 914:             1             32  org.jetbrains.jps.model.impl.JpsGlobalImpl
 915:             1             32  org.jetbrains.jps.model.impl.JpsModelImpl
 916:             1             32  org.jetbrains.jps.model.java.compiler.JpsJavaCompilerOptions
 917:             1             32  org.jetbrains.jps.model.java.compiler.RmicCompilerOptions
 918:             1             32  org.jetbrains.jps.model.library.impl.JpsSdkReferenceImpl
 919:             1             32  org.jetbrains.jps.model.library.impl.sdk.JpsSdkImpl
 920:             1             32  org.jetbrains.jps.model.module.impl.JpsModuleImpl
 921:             1             32  sun.management.jmxremote.LocalRMIServerSocketFactory$1
 922:             1             32  sun.nio.ch.AllocatedNativeObject
 923:             1             32  sun.nio.ch.PollArrayWrapper
 924:             2             32  sun.nio.ch.SocketDispatcher
 925:             1             32  sun.nio.ch.WindowsSelectorImpl$MapEntry
 926:             1             32  sun.nio.ch.WindowsSelectorImpl$SubSelector
 927:             1             32  sun.nio.cs.StandardCharsets
 928:             1             32  sun.nio.fs.WindowsFileSystem
 929:             1             32  sun.reflect.UnsafeQualifiedObjectFieldAccessorImpl
 930:             2             32  sun.reflect.generics.tree.TypeVariableSignature
 931:             2             32  sun.rmi.server.WeakClassHashMap$ValueCell
 932:             1             32  sun.rmi.transport.StreamRemoteCall
 933:             1             32  sun.rmi.transport.Transport$1
 934:             1             32  sun.rmi.transport.proxy.RMIMasterSocketFactory
 935:             1             32  sun.rmi.transport.tcp.TCPTransport$AcceptLoop
 936:             1             32  sun.security.util.DisabledAlgorithmConstraints$KeySizeConstraint
 937:             1             24  [Lcom.google.gson.LongSerializationPolicy;
 938:             1             24  [Lcom.intellij.flex.build.FlexResourceBuildTargetType;
 939:             1             24  [Lcom.intellij.openapi.util.LowMemoryWatcher$LowMemoryWatcherType;
 940:             1             24  [Lcom.intellij.util.PathUtilRt$Platform;
 941:             1             24  [Lcom.sun.org.apache.xerces.internal.utils.XMLSecurityPropertyManager$Property;
 942:             1             24  [Lio.netty.util.concurrent.EventExecutor;
 943:             1             24  [Lio.netty.util.concurrent.GenericFutureListener;
 944:             1             24  [Ljava.io.File$PathStatus;
 945:             1             24  [Ljava.lang.ClassValue$Entry;
 946:             1             24  [Ljava.lang.management.MemoryType;
 947:             1             24  [Ljava.net.InetAddress$Cache$Type;
 948:             1             24  [Ljava.net.StandardProtocolFamily;
 949:             1             24  [Ljava.util.Locale$Category;
 950:             1             24  [Lorg.jetbrains.jps.builders.java.JavaModuleBuildTargetType;
 951:             1             24  [Lorg.jetbrains.jps.builders.java.ResourcesTargetType;
 952:             1             24  [Lorg.jetbrains.jps.gradle.model.impl.GradleResourcesTargetType;
 953:             1             24  [Lorg.jetbrains.jps.incremental.groovy.CheckResourcesTarget$Type;
 954:             1             24  [Lorg.jetbrains.jps.maven.model.impl.MavenResourcesTargetType;
 955:             1             24  [Lsun.launcher.LauncherHelper;
 956:             1             24  com.google.gson.FieldNamingPolicy$1
 957:             1             24  com.google.gson.FieldNamingPolicy$2
 958:             1             24  com.google.gson.FieldNamingPolicy$3
 959:             1             24  com.google.gson.FieldNamingPolicy$4
 960:             1             24  com.google.gson.FieldNamingPolicy$5
 961:             1             24  com.google.gson.FieldNamingPolicy$6
 962:             1             24  com.google.gson.LongSerializationPolicy$1
 963:             1             24  com.google.gson.LongSerializationPolicy$2
 964:             1             24  com.google.gson.internal.ConstructorConstructor
 965:             1             24  com.google.gson.internal.bind.MapTypeAdapterFactory
 966:             1             24  com.google.gson.internal.bind.TypeAdapters$34
 967:             1             24  com.google.gson.reflect.TypeToken
 968:             1             24  com.intellij.flex.build.FlexBuildTargetType
 969:             1             24  com.intellij.flex.model.sdk.JpsFlexSdkType
 970:             1             24  com.intellij.flex.model.sdk.JpsFlexmojosSdkType
 971:             1             24  com.intellij.jps.flex.build.FlexBuilder
 972:             1             24  com.intellij.lang.aspectj.build.AjTranslatingBuilder
 973:             1             24  com.intellij.lang.aspectj.build.AjWeavingBuilder
 974:             1             24  com.intellij.lang.aspectj.build.config.AjJpsCompilerSettings
 975:             1             24  com.intellij.openapi.fileTypes.WildcardFileNameMatcher
 976:             1             24  com.intellij.openapi.fileTypes.impl.IgnoredPatternSet
 977:             1             24  com.intellij.openapi.util.Couple
 978:             1             24  com.intellij.openapi.util.TextRange
 979:             1             24  com.intellij.openapi.util.text.StringUtil$MyHtml2Text
 980:             1             24  com.intellij.util.ConcurrencyUtil$$Lambda$15/1508646930
 981:             1             24  com.intellij.util.containers.ConcurrentIntKeyWeakValueHashMap
 982:             1             24  com.intellij.util.containers.ContainerUtil$10
 983:             1             24  com.intellij.util.containers.MultiMap$EmptyMap
 984:             1             24  com.intellij.util.io.FileChunkKey
 985:             1             24  com.intellij.util.io.PagedFileStorage$StorageLockContext
 986:             1             24  com.intellij.util.io.PersistentEnumeratorBase$FlyweightKey
 987:             1             24  com.intellij.util.io.PersistentStringEnumerator
 988:             1             24  com.intellij.util.xmlb.BeanBinding$XmlSerializerPropertyCollector
 989:             1             24  com.sun.beans.util.Cache$Kind$1
 990:             1             24  com.sun.beans.util.Cache$Kind$2
 991:             1             24  com.sun.beans.util.Cache$Kind$3
 992:             1             24  com.sun.jmx.mbeanserver.ClassLoaderRepositorySupport
 993:             1             24  com.sun.jmx.mbeanserver.MXBeanLookup
 994:             1             24  com.sun.jmx.remote.internal.ArrayNotificationBuffer$ShareBuffer
 995:             1             24  com.sun.org.apache.xerces.internal.impl.XMLNSDocumentScannerImpl$NSContentDriver
 996:             1             24  com.sun.org.apache.xerces.internal.impl.msg.XMLMessageFormatter
 997:             1             24  com.sun.org.apache.xerces.internal.utils.XMLSecurityPropertyManager
 998:             1             24  com.sun.xml.internal.stream.XMLInputFactoryImpl
 999:             1             24  gnu.trove.THashMap$EntryView
1000:             1             24  io.netty.buffer.PooledByteBufAllocator$PoolThreadLocalCache
1001:             1             24  io.netty.buffer.UnpooledByteBufAllocator$UnpooledByteBufAllocatorMetric
1002:             1             24  io.netty.channel.ChannelMetadata
1003:             1             24  io.netty.channel.ChannelOption$1
1004:             1             24  io.netty.channel.SucceededChannelFuture
1005:             1             24  io.netty.channel.WriteBufferWaterMark
1006:             1             24  io.netty.channel.nio.AbstractNioChannel$AbstractNioUnsafe$1
1007:             1             24  io.netty.channel.nio.SelectedSelectionKeySet
1008:             1             24  io.netty.channel.nio.SelectedSelectionKeySetSelector
1009:             1             24  io.netty.handler.codec.protobuf.ProtobufEncoder
1010:             1             24  io.netty.handler.codec.protobuf.ProtobufVarint32LengthFieldPrepender
1011:             1             24  io.netty.resolver.AddressResolverGroup$1
1012:             1             24  io.netty.resolver.DefaultNameResolver
1013:             1             24  io.netty.resolver.InetSocketAddressResolver
1014:             1             24  io.netty.util.ResourceLeakDetectorFactory$DefaultResourceLeakDetectorFactory
1015:             1             24  io.netty.util.concurrent.DefaultEventExecutorChooserFactory$PowerOfTwoEventExecutorChooser
1016:             1             24  io.netty.util.concurrent.DefaultFutureListeners
1017:             1             24  io.netty.util.concurrent.FailedFuture
1018:             1             24  io.netty.util.concurrent.PromiseTask$RunnableAdapter
1019:             1             24  io.netty.util.internal.ThreadExecutorMap$1
1020:             1             24  io.netty.util.internal.ThreadExecutorMap$2
1021:             1             24  io.netty.util.internal.ThreadExecutorMap$3
1022:             1             24  java.lang.ClassValue$Version
1023:             1             24  java.lang.Double
1024:             1             24  java.lang.ThreadLocal$SuppliedThreadLocal
1025:             1             24  java.lang.invoke.MethodHandleImpl$4
1026:             1             24  java.lang.invoke.MethodType$ConcurrentWeakInternSet
1027:             1             24  java.net.Inet4AddressImpl
1028:             1             24  java.net.InetAddress$CacheEntry
1029:             1             24  java.net.SocketPermissionCollection
1030:             1             24  java.util.Collections$EmptyMap
1031:             1             24  java.util.Collections$SynchronizedRandomAccessList
1032:             1             24  java.util.Collections$UnmodifiableList
1033:             1             24  java.util.Locale$Cache
1034:             1             24  java.util.ResourceBundle$Control$CandidateListCache
1035:             1             24  java.util.concurrent.TimeUnit$1
1036:             1             24  java.util.concurrent.TimeUnit$2
1037:             1             24  java.util.concurrent.TimeUnit$3
1038:             1             24  java.util.concurrent.TimeUnit$4
1039:             1             24  java.util.concurrent.TimeUnit$5
1040:             1             24  java.util.concurrent.TimeUnit$6
1041:             1             24  java.util.concurrent.TimeUnit$7
1042:             1             24  java.util.concurrent.locks.ReentrantReadWriteLock
1043:             1             24  java.util.concurrent.locks.ReentrantReadWriteLock$Sync$HoldCounter
1044:             1             24  java.util.jar.Manifest
1045:             1             24  java.util.logging.LogManager$LoggerContext
1046:             1             24  java.util.logging.LoggingPermission
1047:             1             24  java.util.regex.Pattern$Dollar
1048:             1             24  java.util.regex.Pattern$Pos
1049:             1             24  java.util.regex.Pattern$Ques
1050:             1             24  javax.management.NotificationBroadcasterSupport
1051:             1             24  javax.management.remote.rmi.RMIJRMPServerImpl$ExportedWrapper
1052:             1             24  org.apache.log4j.helpers.FormattingInfo
1053:             1             24  org.apache.log4j.helpers.ISO8601DateFormat
1054:             1             24  org.apache.log4j.helpers.OnlyOnceErrorHandler
1055:             1             24  org.jetbrains.jps.android.AndroidManifestMergingTarget$MyTargetType
1056:             1             24  org.jetbrains.jps.android.builder.AndroidAarDepsBuildTarget$MyTargetType
1057:             1             24  org.jetbrains.jps.android.builder.AndroidDexBuildTarget$MyTargetType
1058:             1             24  org.jetbrains.jps.android.builder.AndroidLibraryPackagingTarget$MyTargetType
1059:             1             24  org.jetbrains.jps.android.builder.AndroidPackagingBuildTarget$MyTargetType
1060:             1             24  org.jetbrains.jps.android.builder.AndroidPreDexBuildTarget$MyTargetType
1061:             1             24  org.jetbrains.jps.android.builder.AndroidResourceCachingBuildTarget$MyTargetType
1062:             1             24  org.jetbrains.jps.android.builder.AndroidResourcePackagingBuildTarget$MyTargetType
1063:             1             24  org.jetbrains.jps.android.model.JpsAndroidSdkType
1064:             1             24  org.jetbrains.jps.android.model.impl.JpsAndroidModelSerializerExtension$1
1065:             1             24  org.jetbrains.jps.android.model.impl.JpsAndroidModelSerializerExtension$2
1066:             1             24  org.jetbrains.jps.backwardRefs.JavaBackwardReferenceIndexBuilder
1067:             1             24  org.jetbrains.jps.builders.impl.BuildTargetRegistryImpl
1068:             1             24  org.jetbrains.jps.builders.java.dependencyView.ClassFileReprExternalizer
1069:             1             24  org.jetbrains.jps.builders.java.dependencyView.DependencyContext$1
1070:             1             24  org.jetbrains.jps.builders.java.dependencyView.IntObjectPersistentMultiMaplet
1071:             1             24  org.jetbrains.jps.builders.java.dependencyView.IntObjectPersistentMultiMaplet$CollectionDataExternalizer
1072:             1             24  org.jetbrains.jps.builders.java.dependencyView.ObjectObjectPersistentMultiMaplet$CollectionDataExternalizer
1073:             1             24  org.jetbrains.jps.devkit.model.JpsIdeaSdkType
1074:             1             24  org.jetbrains.jps.gradle.model.impl.JpsGradleExtensionServiceImpl
1075:             1             24  org.jetbrains.jps.gwt.build.GwtBuildTargetType
1076:             1             24  org.jetbrains.jps.incremental.artifacts.ArtifactBuildTargetType
1077:             1             24  org.jetbrains.jps.incremental.dependencies.ProjectDependenciesResolver$ProjectDependenciesResolvingTargetType
1078:             1             24  org.jetbrains.jps.incremental.groovy.GreclipseBuilder$1
1079:             1             24  org.jetbrains.jps.incremental.groovy.GreclipseJpsCompilerSettings
1080:             1             24  org.jetbrains.jps.incremental.groovy.GreclipseSettings
1081:             1             24  org.jetbrains.jps.incremental.instrumentation.NotNullInstrumentingBuilder
1082:             1             24  org.jetbrains.jps.incremental.java.JavaBuilder
1083:             1             24  org.jetbrains.jps.incremental.relativizer.MavenPathRelativizer
1084:             1             24  org.jetbrains.jps.incremental.relativizer.PathRelativizerService
1085:             1             24  org.jetbrains.jps.intellilang.instrumentation.PatternValidatorBuilder
1086:             1             24  org.jetbrains.jps.intellilang.model.impl.JpsIntelliLangConfigurationImpl
1087:             1             24  org.jetbrains.jps.javaee.build.jspValidation.JspValidationTarget$Type
1088:             1             24  org.jetbrains.jps.javaee.model.web.impl.JpsWebModuleExtensionImpl
1089:             1             24  org.jetbrains.jps.maven.model.impl.JpsMavenExtensionServiceImpl
1090:             1             24  org.jetbrains.jps.maven.model.impl.JpsMavenModuleExtensionImpl
1091:             1             24  org.jetbrains.jps.model.impl.JpsElementFactoryImpl$1
1092:             1             24  org.jetbrains.jps.model.impl.JpsEncodingProjectConfigurationImpl
1093:             1             24  org.jetbrains.jps.model.impl.JpsFileTypesConfigurationImpl
1094:             1             24  org.jetbrains.jps.model.impl.JpsSimpleElementImpl
1095:             1             24  org.jetbrains.jps.model.java.JpsJavaSdkType
1096:             1             24  org.jetbrains.jps.model.java.impl.JpsJavaProjectExtensionImpl
1097:             1             24  org.jetbrains.jps.model.java.impl.compiler.JpsValidationConfigurationImpl
1098:             1             24  org.jetbrains.jps.model.module.impl.JpsDependenciesListImpl
1099:             1             24  org.jetbrains.jps.model.module.impl.JpsModuleSourceDependencyImpl
1100:             1             24  org.jetbrains.jps.model.module.impl.JpsSdkDependencyImpl
1101:             1             24  org.jetbrains.jps.model.module.impl.JpsSdkReferenceRole
1102:             1             24  org.jetbrains.jps.model.serialization.JpsGlobalLoader$FileTypesSerializer
1103:             1             24  org.jetbrains.jps.model.serialization.JpsGlobalLoader$GlobalLibrariesSerializer
1104:             1             24  org.jetbrains.jps.model.serialization.JpsGlobalLoader$SdkTableSerializer
1105:             1             24  org.jetbrains.jps.model.serialization.impl.JpsModuleSerializationDataExtensionImpl
1106:             1             24  org.jetbrains.jps.model.serialization.impl.JpsPathVariablesConfigurationImpl
1107:             1             24  org.jetbrains.jps.model.serialization.impl.JpsProjectSerializationDataExtensionImpl
1108:             1             24  org.jetbrains.jps.model.serialization.jarRepository.JpsRemoteRepositoriesConfigurationSerializer
1109:             1             24  org.jetbrains.jps.model.serialization.java.JpsJavaModelSerializerExtension$JavaSourceRootPropertiesSerializer
1110:             1             24  org.jetbrains.jps.model.serialization.library.JpsLibraryTableSerializer$1
1111:             1             24  org.jetbrains.jps.model.serialization.library.JpsSdkTableSerializer$1
1112:             1             24  org.jetbrains.jps.service.impl.JpsServiceManagerImpl
1113:             1             24  org.jetbrains.jps.uiDesigner.compiler.FormsBindingManager
1114:             1             24  org.jetbrains.jps.uiDesigner.compiler.FormsInstrumenter
1115:             1             24  org.jetbrains.jps.uiDesigner.model.impl.JpsUiDesignerConfigurationImpl
1116:             1             24  org.jetbrains.jps.webSphere.LooseAppBuildTargetType
1117:             1             24  org.jetbrains.kotlin.jps.build.KotlinBuilder
1118:             1             24  org.jetbrains.kotlin.jps.build.TeamcityStatisticsLogger
1119:             1             24  org.jetbrains.kotlin.jps.model.JpsKotlinFacetConfigurationSerializer
1120:             1             24  org.jetbrains.kotlin.jps.model.Kotlin2JsCompilerArgumentsSerializer$1
1121:             1             24  org.jetbrains.kotlin.jps.model.Kotlin2JvmCompilerArgumentsSerializer$1
1122:             1             24  org.jetbrains.kotlin.jps.model.KotlinCommonCompilerArgumentsSerializer$1
1123:             1             24  org.jetbrains.kotlin.jps.model.KotlinCompilerSettingsSerializer$1
1124:             1             24  org.jetbrains.osgi.jps.build.OsmorcBuildTargetType
1125:             1             24  org.jetbrains.osgi.jps.model.impl.JpsOsmorcProjectExtensionImpl
1126:             1             24  org.jetbrains.osgi.jps.model.impl.OsmorcProjectExtensionProperties
1127:             1             24  org.slf4j.helpers.SubstituteLoggerFactory
1128:             1             24  sun.launcher.LauncherHelper
1129:             1             24  sun.management.CompilationImpl
1130:             1             24  sun.management.MemoryImpl
1131:             1             24  sun.management.OperatingSystemImpl
1132:             1             24  sun.management.RuntimeImpl
1133:             1             24  sun.management.ThreadImpl
1134:             1             24  sun.management.VMManagementImpl
1135:             1             24  sun.nio.ch.PipeImpl
1136:             1             24  sun.nio.ch.WindowsSelectorImpl$FinishLock
1137:             1             24  sun.nio.ch.WindowsSelectorImpl$StartLock
1138:             1             24  sun.nio.cs.ISO_8859_1
1139:             1             24  sun.nio.cs.MS1251
1140:             1             24  sun.nio.cs.ThreadLocalCoders$1
1141:             1             24  sun.nio.cs.ThreadLocalCoders$2
1142:             1             24  sun.nio.cs.US_ASCII
1143:             1             24  sun.nio.cs.UTF_16
1144:             1             24  sun.nio.cs.UTF_16BE
1145:             1             24  sun.nio.cs.UTF_16LE
1146:             1             24  sun.nio.cs.UTF_32BE
1147:             1             24  sun.nio.cs.UTF_32LE
1148:             1             24  sun.nio.cs.UTF_8
1149:             1             24  sun.nio.cs.ext.GBK
1150:             1             24  sun.nio.fs.WindowsSecurityDescriptor
1151:             1             24  sun.rmi.runtime.RuntimeUtil$1
1152:             1             24  sun.rmi.transport.DGCImpl
1153:             1             24  sun.security.util.DisabledAlgorithmConstraints
1154:             1             24  sun.util.locale.BaseLocale$Cache
1155:             1             24  sun.util.locale.provider.CalendarDataProviderImpl
1156:             1             24  sun.util.locale.provider.CalendarProviderImpl
1157:             1             24  sun.util.locale.provider.TimeZoneNameProviderImpl
1158:             1             24  sun.util.logging.PlatformLogger
1159:             1             24  sun.util.logging.PlatformLogger$JavaLoggerProxy
1160:             1             16  [Lcom.intellij.openapi.util.Key;
1161:             1             16  [Lcom.intellij.openapi.util.TextRange;
1162:             1             16  [Lio.netty.util.AsciiString;
1163:             1             16  [Ljava.beans.EventSetDescriptor;
1164:             1             16  [Ljava.lang.Throwable;
1165:             1             16  [Ljava.lang.management.LockInfo;
1166:             1             16  [Ljava.lang.management.MonitorInfo;
1167:             1             16  [Ljava.net.URL;
1168:             1             16  [Ljava.nio.file.attribute.FileAttribute;
1169:             1             16  [Ljava.security.Provider;
1170:             1             16  [Ljava.security.cert.X509Certificate;
1171:             1             16  [Ljava.util.Collection;
1172:             1             16  [Ljava.util.logging.Handler;
1173:             1             16  [Ljavax.security.cert.X509Certificate;
1174:             1             16  com.google.gson.Gson$1
1175:             1             16  com.google.gson.Gson$2
1176:             1             16  com.google.gson.Gson$4
1177:             1             16  com.google.gson.Gson$5
1178:             1             16  com.google.gson.internal.bind.ArrayTypeAdapter$1
1179:             1             16  com.google.gson.internal.bind.CollectionTypeAdapterFactory
1180:             1             16  com.google.gson.internal.bind.DateTypeAdapter$1
1181:             1             16  com.google.gson.internal.bind.JsonAdapterAnnotationTypeAdapterFactory
1182:             1             16  com.google.gson.internal.bind.ObjectTypeAdapter$1
1183:             1             16  com.google.gson.internal.bind.SqlDateTypeAdapter$1
1184:             1             16  com.google.gson.internal.bind.TimeTypeAdapter$1
1185:             1             16  com.google.gson.internal.bind.TypeAdapters$1
1186:             1             16  com.google.gson.internal.bind.TypeAdapters$10
1187:             1             16  com.google.gson.internal.bind.TypeAdapters$11
1188:             1             16  com.google.gson.internal.bind.TypeAdapters$12
1189:             1             16  com.google.gson.internal.bind.TypeAdapters$13
1190:             1             16  com.google.gson.internal.bind.TypeAdapters$14
1191:             1             16  com.google.gson.internal.bind.TypeAdapters$15
1192:             1             16  com.google.gson.internal.bind.TypeAdapters$16
1193:             1             16  com.google.gson.internal.bind.TypeAdapters$17
1194:             1             16  com.google.gson.internal.bind.TypeAdapters$18
1195:             1             16  com.google.gson.internal.bind.TypeAdapters$19
1196:             1             16  com.google.gson.internal.bind.TypeAdapters$2
1197:             1             16  com.google.gson.internal.bind.TypeAdapters$20
1198:             1             16  com.google.gson.internal.bind.TypeAdapters$21
1199:             1             16  com.google.gson.internal.bind.TypeAdapters$22
1200:             1             16  com.google.gson.internal.bind.TypeAdapters$23
1201:             1             16  com.google.gson.internal.bind.TypeAdapters$24
1202:             1             16  com.google.gson.internal.bind.TypeAdapters$25
1203:             1             16  com.google.gson.internal.bind.TypeAdapters$26
1204:             1             16  com.google.gson.internal.bind.TypeAdapters$27
1205:             1             16  com.google.gson.internal.bind.TypeAdapters$28
1206:             1             16  com.google.gson.internal.bind.TypeAdapters$29
1207:             1             16  com.google.gson.internal.bind.TypeAdapters$3
1208:             1             16  com.google.gson.internal.bind.TypeAdapters$30
1209:             1             16  com.google.gson.internal.bind.TypeAdapters$4
1210:             1             16  com.google.gson.internal.bind.TypeAdapters$5
1211:             1             16  com.google.gson.internal.bind.TypeAdapters$6
1212:             1             16  com.google.gson.internal.bind.TypeAdapters$7
1213:             1             16  com.google.gson.internal.bind.TypeAdapters$8
1214:             1             16  com.google.gson.internal.bind.TypeAdapters$9
1215:             1             16  com.google.gson.internal.reflect.PreJava9ReflectionAccessor
1216:             1             16  com.google.protobuf.UnsafeUtil$JvmMemoryAccessor
1217:             1             16  com.intellij.flex.model.JpsFlexModelSerializerExtension
1218:             1             16  com.intellij.flex.model.module.JpsFlexModuleType
1219:             1             16  com.intellij.flex.model.run.JpsFlashRunConfigurationType
1220:             1             16  com.intellij.flex.model.run.JpsFlexUnitRunConfigurationType
1221:             1             16  com.intellij.jps.flex.build.FlexBuilderService
1222:             1             16  com.intellij.jps.flex.build.FlexExcludedJavaSourceRootProvider
1223:             1             16  com.intellij.jps.flex.build.FlexResourceBuilder
1224:             1             16  com.intellij.lang.aspectj.build.AjBuilderService
1225:             1             16  com.intellij.lang.aspectj.build.AjModelSerializerExtension
1226:             1             16  com.intellij.openapi.diagnostic.Logger$$Lambda$1/401625763
1227:             1             16  com.intellij.openapi.fileTypes.WildcardFileNameMatcher$SuffixMatcher
1228:             1             16  com.intellij.openapi.util.Condition$1
1229:             1             16  com.intellij.openapi.util.Condition$2
1230:             1             16  com.intellij.openapi.util.Condition$3
1231:             1             16  com.intellij.openapi.util.EmptyRunnable
1232:             1             16  com.intellij.openapi.util.JDOMUtil$$Lambda$16/731260860
1233:             1             16  com.intellij.openapi.util.JDOMUtil$EmptyTextFilter
1234:             1             16  com.intellij.openapi.util.RecursionManager$$Lambda$33/2065857933
1235:             1             16  com.intellij.openapi.util.SafeJdomFactory$BaseSafeJdomFactory
1236:             1             16  com.intellij.openapi.util.io.FileSystemUtil$IdeaWin32MediatorImpl
1237:             1             16  com.intellij.openapi.util.io.FileUtil$1
1238:             1             16  com.intellij.openapi.util.io.FileUtil$2
1239:             1             16  com.intellij.openapi.util.io.FileUtilRt$1
1240:             1             16  com.intellij.openapi.util.io.FileUtilRt$2
1241:             1             16  com.intellij.openapi.util.io.FileUtilRt$3
1242:             1             16  com.intellij.openapi.util.io.NullAppendable
1243:             1             16  com.intellij.openapi.util.io.win32.IdeaWin32
1244:             1             16  com.intellij.openapi.util.text.StringUtil$$Lambda$2/1921595561
1245:             1             16  com.intellij.openapi.util.text.StringUtil$$Lambda$3/565760380
1246:             1             16  com.intellij.openapi.util.text.StringUtil$$Lambda$4/6566818
1247:             1             16  com.intellij.util.ArrayUtil$$Lambda$13/1870647526
1248:             1             16  com.intellij.util.ArrayUtil$$Lambda$14/1204167249
1249:             1             16  com.intellij.util.ConcurrencyUtil$$Lambda$11/1528637575
1250:             1             16  com.intellij.util.Function$1
1251:             1             16  com.intellij.util.Function$2
1252:             1             16  com.intellij.util.Functions$4
1253:             1             16  com.intellij.util.Functions$5
1254:             1             16  com.intellij.util.Functions$6
1255:             1             16  com.intellij.util.NotNullizer
1256:             1             16  com.intellij.util.NullableFunction$1
1257:             1             16  com.intellij.util.ReflectionUtil$$Lambda$5/1617791695
1258:             1             16  com.intellij.util.SmartList$$Lambda$17/1295083508
1259:             1             16  com.intellij.util.concurrency.BoundedTaskExecutor$$Lambda$22/943081537
1260:             1             16  com.intellij.util.containers.ContainerUtilRt$EmptyList
1261:             1             16  com.intellij.util.containers.JBIterable$Empty
1262:             1             16  com.intellij.util.containers.JBIterator$2
1263:             1             16  com.intellij.util.containers.JBTreeTraverser
1264:             1             16  com.intellij.util.containers.TreeTraversal$10
1265:             1             16  com.intellij.util.containers.TreeTraversal$11
1266:             1             16  com.intellij.util.containers.TreeTraversal$12
1267:             1             16  com.intellij.util.containers.TreeTraversal$13
1268:             1             16  com.intellij.util.containers.TreeTraversal$6
1269:             1             16  com.intellij.util.containers.TreeTraversal$7
1270:             1             16  com.intellij.util.containers.TreeTraversal$8
1271:             1             16  com.intellij.util.containers.TreeTraversal$9
1272:             1             16  com.intellij.util.containers.TreeTraversal$P$$Lambda$10/1330106945
1273:             1             16  com.intellij.util.containers.TreeTraversal$P$1
1274:             1             16  com.intellij.util.containers.UnsafeWeakList$$Lambda$48/568221876
1275:             1             16  com.intellij.util.containers.UnsafeWeakList$$Lambda$49/820914198
1276:             1             16  com.intellij.util.containers.hash.EqualityPolicy$1
1277:             1             16  com.intellij.util.containers.hash.EqualityPolicy$2
1278:             1             16  com.intellij.util.io.EnumeratorIntegerDescriptor
1279:             1             16  com.intellij.util.io.EnumeratorStringDescriptor$EnumeratorStringDescriptorImpl
1280:             1             16  com.intellij.util.io.IOUtil$1
1281:             1             16  com.intellij.util.io.Page$$Lambda$46/1043208434
1282:             1             16  com.intellij.util.io.PersistentHashMap$5
1283:             1             16  com.intellij.util.io.PersistentHashMapValueStorage$CreationTimeOptions$1
1284:             1             16  com.intellij.util.io.PersistentStringEnumerator$1
1285:             1             16  com.intellij.util.keyFMap.EmptyFMap
1286:             1             16  com.intellij.util.text.CaseInsensitiveStringHashingStrategy
1287:             1             16  com.intellij.util.xmlb.MapBinding$$Lambda$20/1270144618
1288:             1             16  com.intellij.util.xmlb.XmlSerializer$1
1289:             1             16  com.intellij.util.xmlb.XmlSerializerImpl$XmlSerializer
1290:             1             16  com.sun.jmx.interceptor.DefaultMBeanServerInterceptor$ResourceContext$1
1291:             1             16  com.sun.jmx.mbeanserver.DefaultMXBeanMappingFactory
1292:             1             16  com.sun.jmx.mbeanserver.DescriptorCache
1293:             1             16  com.sun.jmx.mbeanserver.MBeanAnalyzer$MethodOrder
1294:             1             16  com.sun.jmx.mbeanserver.MBeanInstantiator
1295:             1             16  com.sun.jmx.mbeanserver.MXBeanIntrospector
1296:             1             16  com.sun.jmx.mbeanserver.SecureClassLoaderRepository
1297:             1             16  com.sun.jmx.remote.internal.ArrayNotificationBuffer$5
1298:             1             16  com.sun.jmx.remote.internal.ArrayNotificationBuffer$BroadcasterQuery
1299:             1             16  com.sun.jmx.remote.internal.ArrayNotificationBuffer$BufferListener
1300:             1             16  com.sun.jmx.remote.internal.ServerNotifForwarder$NotifForwarderBufferFilter
1301:             1             16  com.sun.jmx.remote.protocol.iiop.IIOPProxyImpl
1302:             1             16  com.sun.org.apache.xerces.internal.impl.XMLDocumentScannerImpl$PrologDriver
1303:             1             16  com.sun.org.apache.xerces.internal.impl.XMLDocumentScannerImpl$TrailingMiscDriver
1304:             1             16  com.sun.org.apache.xerces.internal.impl.XMLDocumentScannerImpl$XMLDeclDriver
1305:             1             16  com.sun.org.apache.xerces.internal.util.NamespaceContextWrapper
1306:             1             16  com.sun.org.apache.xerces.internal.utils.SecuritySupport
1307:             1             16  com.sun.proxy.$Proxy11
1308:             1             16  com.sun.proxy.$Proxy15
1309:             1             16  com.sun.proxy.$Proxy5
1310:             1             16  gnu.trove.TObjectCanonicalHashingStrategy
1311:             1             16  gnu.trove.TObjectHash$NULL
1312:             1             16  gnu.trove.TObjectIdentityHashingStrategy
1313:             1             16  io.netty.buffer.AbstractReferenceCountedByteBuf$1
1314:             1             16  io.netty.buffer.ByteBufUtil$1
1315:             1             16  io.netty.buffer.ByteBufUtil$2
1316:             1             16  io.netty.buffer.PooledByteBufAllocator$1
1317:             1             16  io.netty.buffer.PooledByteBufAllocatorMetric
1318:             1             16  io.netty.channel.ChannelFutureListener$1
1319:             1             16  io.netty.channel.ChannelFutureListener$2
1320:             1             16  io.netty.channel.ChannelFutureListener$3
1321:             1             16  io.netty.channel.ChannelHandlerMask$1
1322:             1             16  io.netty.channel.ChannelOutboundBuffer$1
1323:             1             16  io.netty.channel.DefaultChannelPipeline$1
1324:             1             16  io.netty.channel.DefaultMessageSizeEstimator
1325:             1             16  io.netty.channel.DefaultMessageSizeEstimator$HandleImpl
1326:             1             16  io.netty.channel.DefaultSelectStrategy
1327:             1             16  io.netty.channel.DefaultSelectStrategyFactory
1328:             1             16  io.netty.channel.VoidChannelPromise$1
1329:             1             16  io.netty.channel.nio.AbstractNioByteChannel$1
1330:             1             16  io.netty.channel.nio.AbstractNioChannel$1
1331:             1             16  io.netty.channel.nio.NioEventLoop$1
1332:             1             16  io.netty.handler.codec.ByteToMessageDecoder$1
1333:             1             16  io.netty.handler.codec.ByteToMessageDecoder$2
1334:             1             16  io.netty.handler.codec.CodecOutputList$1
1335:             1             16  io.netty.handler.codec.CodecOutputList$2
1336:             1             16  io.netty.resolver.DefaultAddressResolverGroup
1337:             1             16  io.netty.util.NettyRuntime$AvailableProcessorsHolder
1338:             1             16  io.netty.util.Recycler$1
1339:             1             16  io.netty.util.Recycler$3
1340:             1             16  io.netty.util.concurrent.AbstractScheduledEventExecutor$1
1341:             1             16  io.netty.util.concurrent.DefaultEventExecutorChooserFactory
1342:             1             16  io.netty.util.concurrent.DefaultPromise$CauseHolder
1343:             1             16  io.netty.util.concurrent.FastThreadLocal
1344:             1             16  io.netty.util.concurrent.GlobalEventExecutor$1
1345:             1             16  io.netty.util.concurrent.GlobalEventExecutor$TaskRunner
1346:             1             16  io.netty.util.concurrent.MultithreadEventExecutorGroup$1
1347:             1             16  io.netty.util.concurrent.RejectedExecutionHandlers$1
1348:             1             16  io.netty.util.concurrent.SingleThreadEventExecutor$1
1349:             1             16  io.netty.util.concurrent.SingleThreadEventExecutor$2
1350:             1             16  io.netty.util.concurrent.SingleThreadEventExecutor$6
1351:             1             16  io.netty.util.concurrent.ThreadPerTaskExecutor
1352:             1             16  io.netty.util.internal.CleanerJava6
1353:             1             16  io.netty.util.internal.PlatformDependent$1
1354:             1             16  io.netty.util.internal.PlatformDependent$2
1355:             1             16  io.netty.util.internal.TypeParameterMatcher$1
1356:             1             16  io.netty.util.internal.logging.Log4JLoggerFactory
1357:             1             16  io.netty.util.internal.logging.Slf4JLoggerFactory
1358:             1             16  java.io.FileDescriptor$1
1359:             1             16  java.io.ObjectInputStream$$Lambda$61/1069163783
1360:             1             16  java.io.ObjectInputStream$1
1361:             1             16  java.lang.ApplicationShutdownHooks$1
1362:             1             16  java.lang.CharacterDataLatin1
1363:             1             16  java.lang.ClassValue$Identity
1364:             1             16  java.lang.Float
1365:             1             16  java.lang.ProcessEnvironment$EntryComparator
1366:             1             16  java.lang.ProcessEnvironment$NameComparator
1367:             1             16  java.lang.Runtime
1368:             1             16  java.lang.String$CaseInsensitiveComparator
1369:             1             16  java.lang.System$2
1370:             1             16  java.lang.Terminator$1
1371:             1             16  java.lang.invoke.MemberName$Factory
1372:             1             16  java.lang.invoke.MethodHandleImpl$2
1373:             1             16  java.lang.invoke.MethodHandleImpl$3
1374:             1             16  java.lang.management.PlatformComponent$1
1375:             1             16  java.lang.management.PlatformComponent$10
1376:             1             16  java.lang.management.PlatformComponent$11
1377:             1             16  java.lang.management.PlatformComponent$12
1378:             1             16  java.lang.management.PlatformComponent$13
1379:             1             16  java.lang.management.PlatformComponent$14
1380:             1             16  java.lang.management.PlatformComponent$15
1381:             1             16  java.lang.management.PlatformComponent$2
1382:             1             16  java.lang.management.PlatformComponent$3
1383:             1             16  java.lang.management.PlatformComponent$4
1384:             1             16  java.lang.management.PlatformComponent$5
1385:             1             16  java.lang.management.PlatformComponent$6
1386:             1             16  java.lang.management.PlatformComponent$7
1387:             1             16  java.lang.management.PlatformComponent$8
1388:             1             16  java.lang.management.PlatformComponent$9
1389:             1             16  java.lang.ref.Reference$1
1390:             1             16  java.lang.ref.Reference$Lock
1391:             1             16  java.lang.reflect.Proxy$KeyFactory
1392:             1             16  java.lang.reflect.Proxy$ProxyClassFactory
1393:             1             16  java.lang.reflect.ReflectAccess
1394:             1             16  java.net.InetAddress$2
1395:             1             16  java.net.URLClassLoader$7
1396:             1             16  java.nio.Bits$1
1397:             1             16  java.nio.Bits$1$1
1398:             1             16  java.nio.channels.spi.AbstractSelector$1
1399:             1             16  java.nio.charset.CoderResult$1
1400:             1             16  java.nio.charset.CoderResult$2
1401:             1             16  java.nio.file.Files$AcceptAllFilter
1402:             1             16  java.rmi.server.RMIClassLoader$2
1403:             1             16  java.rmi.server.RemoteObjectInvocationHandler
1404:             1             16  java.rmi.server.RemoteObjectInvocationHandler$MethodToHash_Maps
1405:             1             16  java.security.AllPermission
1406:             1             16  java.security.ProtectionDomain$2
1407:             1             16  java.security.ProtectionDomain$JavaSecurityAccessImpl
1408:             1             16  java.text.DontCareFieldPosition$1
1409:             1             16  java.util.Collections$EmptyEnumeration
1410:             1             16  java.util.Collections$EmptyIterator
1411:             1             16  java.util.Collections$EmptyList
1412:             1             16  java.util.Collections$EmptyListIterator
1413:             1             16  java.util.Collections$EmptySet
1414:             1             16  java.util.Collections$UnmodifiableMap$UnmodifiableEntrySet
1415:             1             16  java.util.EnumMap$1
1416:             1             16  java.util.Hashtable$EntrySet
1417:             1             16  java.util.IdentityHashMap$KeySet
1418:             1             16  java.util.ResourceBundle$Control
1419:             1             16  java.util.Spliterators$EmptySpliterator$OfDouble
1420:             1             16  java.util.Spliterators$EmptySpliterator$OfInt
1421:             1             16  java.util.Spliterators$EmptySpliterator$OfLong
1422:             1             16  java.util.Spliterators$EmptySpliterator$OfRef
1423:             1             16  java.util.WeakHashMap$KeySet
1424:             1             16  java.util.concurrent.CountDownLatch
1425:             1             16  java.util.concurrent.ThreadPoolExecutor$AbortPolicy
1426:             1             16  java.util.concurrent.locks.ReentrantReadWriteLock$ReadLock
1427:             1             16  java.util.concurrent.locks.ReentrantReadWriteLock$Sync$ThreadLocalHoldCounter
1428:             1             16  java.util.concurrent.locks.ReentrantReadWriteLock$WriteLock
1429:             1             16  java.util.function.Function$$Lambda$53/1922464006
1430:             1             16  java.util.jar.JavaUtilJarAccessImpl
1431:             1             16  java.util.logging.ErrorManager
1432:             1             16  java.util.logging.Logging
1433:             1             16  java.util.logging.LoggingProxyImpl
1434:             1             16  java.util.logging.SimpleFormatter
1435:             1             16  java.util.regex.Pattern$4
1436:             1             16  java.util.regex.Pattern$LastNode
1437:             1             16  java.util.regex.Pattern$Node
1438:             1             16  java.util.stream.Collectors$$Lambda$36/22671767
1439:             1             16  java.util.stream.Collectors$$Lambda$37/536765369
1440:             1             16  java.util.stream.Collectors$$Lambda$38/317071334
1441:             1             16  java.util.stream.Collectors$$Lambda$39/2129221032
1442:             1             16  java.util.stream.Collectors$$Lambda$43/511717113
1443:             1             16  java.util.stream.Collectors$$Lambda$54/1536031937
1444:             1             16  java.util.stream.Collectors$$Lambda$55/798981583
1445:             1             16  java.util.zip.ZipFile$1
1446:             1             16  javax.management.JMX
1447:             1             16  javax.management.MBeanServerBuilder
1448:             1             16  javax.management.NotificationBroadcasterSupport$1
1449:             1             16  javax.xml.stream.SecuritySupport
1450:             1             16  kotlin.collections.EmptyIterator
1451:             1             16  kotlin.collections.EmptyList
1452:             1             16  kotlin.jvm.internal.CallableReference$NoReceiver
1453:             1             16  org.apache.log4j.DefaultCategoryFactory
1454:             1             16  org.apache.log4j.helpers.AppenderAttachableImpl
1455:             1             16  org.apache.log4j.or.DefaultRenderer
1456:             1             16  org.apache.log4j.or.RendererMap
1457:             1             16  org.apache.log4j.spi.DefaultRepositorySelector
1458:             1             16  org.jdom.AttributeList$1
1459:             1             16  org.jetbrains.jps.android.AndroidAdditionalRootProviderService
1460:             1             16  org.jetbrains.jps.android.AndroidBuilderService
1461:             1             16  org.jetbrains.jps.android.AndroidDexBuilder
1462:             1             16  org.jetbrains.jps.android.AndroidExcludedJavaSourceRootProvider
1463:             1             16  org.jetbrains.jps.android.AndroidLibraryPackagingBuilder
1464:             1             16  org.jetbrains.jps.android.AndroidManifestMergingBuilder
1465:             1             16  org.jetbrains.jps.android.AndroidPackagingBuilder
1466:             1             16  org.jetbrains.jps.android.AndroidPreDexBuilder
1467:             1             16  org.jetbrains.jps.android.AndroidResourceCachingBuilder
1468:             1             16  org.jetbrains.jps.android.AndroidResourcePackagingBuilder
1469:             1             16  org.jetbrains.jps.android.AndroidSourceGeneratingBuilder
1470:             1             16  org.jetbrains.jps.android.builder.AndroidAarDepsBuilder
1471:             1             16  org.jetbrains.jps.android.model.impl.JpsAndroidModelSerializerExtension
1472:             1             16  org.jetbrains.jps.ant.model.impl.JpsAntModelSerializerExtension
1473:             1             16  org.jetbrains.jps.api.CmdlineRemoteProto$Message$BuilderMessage$Type$1
1474:             1             16  org.jetbrains.jps.api.CmdlineRemoteProto$Message$Type$1
1475:             1             16  org.jetbrains.jps.appengine.build.AppEngineEnhancerBuilder
1476:             1             16  org.jetbrains.jps.appengine.build.AppEngineEnhancerBuilderService
1477:             1             16  org.jetbrains.jps.appengine.model.impl.JpsAppEngineModelSerializerExtension
1478:             1             16  org.jetbrains.jps.builders.impl.BuildDataPathsImpl
1479:             1             16  org.jetbrains.jps.builders.impl.logging.ProjectBuilderLoggerImpl
1480:             1             16  org.jetbrains.jps.builders.java.JavaBuilderExtensionImpl
1481:             1             16  org.jetbrains.jps.builders.java.dependencyView.ClassRepr$2
1482:             1             16  org.jetbrains.jps.builders.java.dependencyView.Mappings$$Lambda$51/1847008471
1483:             1             16  org.jetbrains.jps.builders.java.dependencyView.Mappings$1
1484:             1             16  org.jetbrains.jps.builders.java.dependencyView.ModuleRepr$2
1485:             1             16  org.jetbrains.jps.builders.logging.BuildLoggingManager
1486:             1             16  org.jetbrains.jps.cmdline.LogSetup$MyLoggerFactory
1487:             1             16  org.jetbrains.jps.devkit.builder.JpsPluginSyntheticArtifactProvider
1488:             1             16  org.jetbrains.jps.devkit.builder.PluginJavaBuilderExtension
1489:             1             16  org.jetbrains.jps.devkit.model.JpsPluginModuleType
1490:             1             16  org.jetbrains.jps.devkit.model.impl.JpsDevKitModelSerializerExtension
1491:             1             16  org.jetbrains.jps.dmserver.model.impl.JpsDMModelSerializerExtension
1492:             1             16  org.jetbrains.jps.eclipse.model.JpsEclipseClasspathSerializer
1493:             1             16  org.jetbrains.jps.eclipse.model.JpsEclipseModelSerializerExtension
1494:             1             16  org.jetbrains.jps.gradle.compiler.GradleBuilderService
1495:             1             16  org.jetbrains.jps.gradle.compiler.GradleResourcesBuilder
1496:             1             16  org.jetbrains.jps.gradle.model.impl.JpsGradleExtensionServiceImpl$$Lambda$29/1436901839
1497:             1             16  org.jetbrains.jps.gradle.model.impl.JpsGradleExtensionServiceImpl$1
1498:             1             16  org.jetbrains.jps.gradle.model.impl.JpsGradleModelSerializationExtension
1499:             1             16  org.jetbrains.jps.gwt.build.GwtBuilder
1500:             1             16  org.jetbrains.jps.gwt.build.GwtBuilderService
1501:             1             16  org.jetbrains.jps.gwt.model.impl.JpsGwtExtensionServiceImpl
1502:             1             16  org.jetbrains.jps.gwt.model.impl.JpsGwtModelSerializerExtension
1503:             1             16  org.jetbrains.jps.incremental.BuilderRegistry$$Lambda$56/116405378
1504:             1             16  org.jetbrains.jps.incremental.FSCache$1
1505:             1             16  org.jetbrains.jps.incremental.JavaBuilderService
1506:             1             16  org.jetbrains.jps.incremental.TargetTypeRegistry
1507:             1             16  org.jetbrains.jps.incremental.artifacts.ArtifactBuilderService
1508:             1             16  org.jetbrains.jps.incremental.artifacts.IncArtifactBuilder
1509:             1             16  org.jetbrains.jps.incremental.artifacts.impl.JpsBuilderArtifactServiceImpl
1510:             1             16  org.jetbrains.jps.incremental.dependencies.DependencyResolvingBuilder
1511:             1             16  org.jetbrains.jps.incremental.dependencies.ProjectDependenciesResolver
1512:             1             16  org.jetbrains.jps.incremental.dependencies.ProjectDependenciesResolver$ProjectDependenciesResolvingTarget
1513:             1             16  org.jetbrains.jps.incremental.groovy.GroovyBuilder$RecompileStubSources
1514:             1             16  org.jetbrains.jps.incremental.groovy.GroovyBuilderService
1515:             1             16  org.jetbrains.jps.incremental.groovy.GroovyJavaBuilderExtension
1516:             1             16  org.jetbrains.jps.incremental.groovy.GroovyModelSerializerExtension
1517:             1             16  org.jetbrains.jps.incremental.groovy.GroovyResourceChecker
1518:             1             16  org.jetbrains.jps.incremental.instrumentation.RmiStubsGenerator
1519:             1             16  org.jetbrains.jps.incremental.java.AnnotationsExcludedJavaSourceRootProvider
1520:             1             16  org.jetbrains.jps.incremental.relativizer.JavaSdkPathRelativizer
1521:             1             16  org.jetbrains.jps.incremental.relativizer.JavaSdkPathRelativizer$$Lambda$40/1966250569
1522:             1             16  org.jetbrains.jps.incremental.relativizer.JavaSdkPathRelativizer$$Lambda$41/370440646
1523:             1             16  org.jetbrains.jps.incremental.relativizer.JavaSdkPathRelativizer$$Lambda$42/1125381564
1524:             1             16  org.jetbrains.jps.incremental.relativizer.PathRelativizerService$$Lambda$34/313540687
1525:             1             16  org.jetbrains.jps.incremental.relativizer.PathRelativizerService$$Lambda$35/1990098664
1526:             1             16  org.jetbrains.jps.incremental.resources.ResourcesBuilder
1527:             1             16  org.jetbrains.jps.incremental.storage.BuildDataManager$1
1528:             1             16  org.jetbrains.jps.incremental.storage.BuildDataManager$2
1529:             1             16  org.jetbrains.jps.incremental.storage.BuildDataManager$3
1530:             1             16  org.jetbrains.jps.incremental.storage.FileKeyDescriptor
1531:             1             16  org.jetbrains.jps.incremental.storage.FileTimestampStorage$StateExternalizer
1532:             1             16  org.jetbrains.jps.incremental.storage.OneToManyPathsMapping$PathCollectionExternalizer
1533:             1             16  org.jetbrains.jps.incremental.storage.OutputToTargetRegistry$1
1534:             1             16  org.jetbrains.jps.incremental.storage.PathStringDescriptor
1535:             1             16  org.jetbrains.jps.incremental.storage.ProjectTimestamps
1536:             1             16  org.jetbrains.jps.indices.impl.IgnoredFileIndexImpl
1537:             1             16  org.jetbrains.jps.intellilang.instrumentation.PatternValidatorBuilderService
1538:             1             16  org.jetbrains.jps.intellilang.model.impl.JpsIntelliLangExtensionServiceImpl
1539:             1             16  org.jetbrains.jps.intellilang.model.impl.JpsIntelliLangModelSerializerExtension
1540:             1             16  org.jetbrains.jps.javaee.build.jspValidation.JasperValidator
1541:             1             16  org.jetbrains.jps.javaee.build.jspValidation.JspValidationBuilderService
1542:             1             16  org.jetbrains.jps.javaee.model.impl.JpsJavaeeModelSerializerExtension
1543:             1             16  org.jetbrains.jps.jpa.model.impl.JpsJpaModelSerializerExtension
1544:             1             16  org.jetbrains.jps.maven.compiler.MavenBuilderService
1545:             1             16  org.jetbrains.jps.maven.compiler.MavenResourcesBuilder
1546:             1             16  org.jetbrains.jps.maven.model.impl.JpsMavenExtensionServiceImpl$$Lambda$25/69386588
1547:             1             16  org.jetbrains.jps.maven.model.impl.JpsMavenExtensionServiceImpl$1
1548:             1             16  org.jetbrains.jps.maven.model.impl.JpsMavenModelSerializationExtension
1549:             1             16  org.jetbrains.jps.maven.model.impl.MavenAnnotationProcessorTargetType$$Lambda$52/440938038
1550:             1             16  org.jetbrains.jps.model.artifact.impl.JpsArtifactRole
1551:             1             16  org.jetbrains.jps.model.artifact.impl.JpsArtifactServiceImpl
1552:             1             16  org.jetbrains.jps.model.fileTypes.impl.FileNameMatcherFactoryImpl
1553:             1             16  org.jetbrains.jps.model.impl.JpsElementFactoryImpl
1554:             1             16  org.jetbrains.jps.model.impl.JpsEncodingConfigurationServiceImpl
1555:             1             16  org.jetbrains.jps.model.impl.JpsExElementFactoryImpl
1556:             1             16  org.jetbrains.jps.model.impl.JpsGlobalElementReference
1557:             1             16  org.jetbrains.jps.model.java.JpsAnnotationRootType
1558:             1             16  org.jetbrains.jps.model.java.JpsJavaLibraryType
1559:             1             16  org.jetbrains.jps.model.java.JpsJavaModuleType
1560:             1             16  org.jetbrains.jps.model.java.JpsNativeLibraryRootType
1561:             1             16  org.jetbrains.jps.model.java.impl.JavaModuleExtensionRole
1562:             1             16  org.jetbrains.jps.model.java.impl.JavaProjectExtensionRole
1563:             1             16  org.jetbrains.jps.model.java.impl.JpsJavaDependencyExtensionRole
1564:             1             16  org.jetbrains.jps.model.java.impl.JpsJavaExtensionServiceImpl
1565:             1             16  org.jetbrains.jps.model.library.JpsOrderRootType$1
1566:             1             16  org.jetbrains.jps.model.library.JpsOrderRootType$2
1567:             1             16  org.jetbrains.jps.model.library.JpsOrderRootType$3
1568:             1             16  org.jetbrains.jps.model.library.impl.JpsLibraryRole
1569:             1             16  org.jetbrains.jps.model.module.impl.JpsModuleRole
1570:             1             16  org.jetbrains.jps.model.module.impl.JpsModuleSourceRootRole
1571:             1             16  org.jetbrains.jps.model.module.impl.JpsSdkReferencesTableImpl$JpsSdkReferencesTableRole
1572:             1             16  org.jetbrains.jps.model.serialization.JpsEncodingModelSerializerExtension
1573:             1             16  org.jetbrains.jps.model.serialization.JpsProjectLoader$$Lambda$26/2008966511
1574:             1             16  org.jetbrains.jps.model.serialization.impl.JpsSerializationManagerImpl
1575:             1             16  org.jetbrains.jps.model.serialization.jarRepository.JpsRemoteRepositoriesModelSerializerExtension
1576:             1             16  org.jetbrains.jps.model.serialization.java.JpsJavaModelSerializerExtension
1577:             1             16  org.jetbrains.jps.model.serialization.java.compiler.AnnotationProcessorProfileSerializer$$Lambda$18/2005167404
1578:             1             16  org.jetbrains.jps.service.impl.JpsServiceManagerImpl$SingleClassLoaderPluginManager
1579:             1             16  org.jetbrains.jps.service.impl.SharedThreadPoolImpl
1580:             1             16  org.jetbrains.jps.uiDesigner.compiler.FormsBuilderService
1581:             1             16  org.jetbrains.jps.uiDesigner.model.impl.JpsUiDesignerConfigurationImpl$UiDesignerConfigurationState
1582:             1             16  org.jetbrains.jps.uiDesigner.model.impl.JpsUiDesignerExtensionServiceImpl
1583:             1             16  org.jetbrains.jps.uiDesigner.model.impl.JpsUiDesignerSerializerExtension
1584:             1             16  org.jetbrains.jps.webSphere.LooseAppBuilder
1585:             1             16  org.jetbrains.jps.webSphere.LooseBuilderService
1586:             1             16  org.jetbrains.kotlin.config.KotlinCommonJpsModelSerializerExtension
1587:             1             16  org.jetbrains.kotlin.config.ResourceKotlinRootType
1588:             1             16  org.jetbrains.kotlin.config.SourceKotlinRootType
1589:             1             16  org.jetbrains.kotlin.config.TestResourceKotlinRootType
1590:             1             16  org.jetbrains.kotlin.config.TestSourceKotlinRootType
1591:             1             16  org.jetbrains.kotlin.jps.build.KotlinBuilder$Companion
1592:             1             16  org.jetbrains.kotlin.jps.build.KotlinBuilderService
1593:             1             16  org.jetbrains.kotlin.jps.build.KotlinJavaBuilderExtension
1594:             1             16  org.jetbrains.kotlin.jps.build.KotlinResourcesRootProvider
1595:             1             16  org.jetbrains.kotlin.jps.build.KotlinSourceRootProvider
1596:             1             16  org.jetbrains.kotlin.jps.model.JpsKotlinFacetModuleExtension$Companion
1597:             1             16  org.jetbrains.kotlin.jps.model.KotlinModelSerializerService
1598:             1             16  org.jetbrains.osgi.jps.build.OsmorcBuilder
1599:             1             16  org.jetbrains.osgi.jps.build.OsmorcBuilderService
1600:             1             16  org.jetbrains.osgi.jps.model.impl.JpsOsmorcModelSerializerExtension
1601:             1             16  org.jetbrains.plugins.javaFX.JpsJavaFxModelSerializerExtension
1602:             1             16  org.jetbrains.plugins.javaFX.preloader.JpsJavaFxPreloaderModelSerializerExtension
1603:             1             16  org.slf4j.helpers.NOPLoggerFactory
1604:             1             16  sun.management.ClassLoadingImpl
1605:             1             16  sun.management.HotSpotDiagnostic
1606:             1             16  sun.management.ManagementFactoryHelper$PlatformLoggingImpl
1607:             1             16  sun.management.jmxremote.ConnectorBootstrap$PermanentExporter
1608:             1             16  sun.management.jmxremote.LocalRMIServerSocketFactory
1609:             1             16  sun.misc.ASCIICaseInsensitiveComparator
1610:             1             16  sun.misc.FloatingDecimal$1
1611:             1             16  sun.misc.Launcher
1612:             1             16  sun.misc.Launcher$Factory
1613:             1             16  sun.misc.ObjectInputFilter$Config$$Lambda$62/1426619303
1614:             1             16  sun.misc.Perf
1615:             1             16  sun.misc.Unsafe
1616:             1             16  sun.net.ExtendedOptionsImpl$$Lambda$12/1531333864
1617:             1             16  sun.net.www.protocol.file.Handler
1618:             1             16  sun.net.www.protocol.jar.JarFileFactory
1619:             1             16  sun.nio.ch.ExtendedSocketOption$1
1620:             1             16  sun.nio.ch.FileChannelImpl$1
1621:             1             16  sun.nio.ch.Net$1
1622:             1             16  sun.nio.ch.Util$1
1623:             1             16  sun.nio.ch.WindowsSelectorProvider
1624:             1             16  sun.nio.fs.WindowsChannelFactory$1
1625:             1             16  sun.nio.fs.WindowsFileSystemProvider
1626:             1             16  sun.reflect.GeneratedMethodAccessor1
1627:             1             16  sun.reflect.GeneratedMethodAccessor10
1628:             1             16  sun.reflect.GeneratedMethodAccessor12
1629:             1             16  sun.reflect.GeneratedMethodAccessor14
1630:             1             16  sun.reflect.GeneratedMethodAccessor15
1631:             1             16  sun.reflect.GeneratedMethodAccessor16
1632:             1             16  sun.reflect.GeneratedMethodAccessor17
1633:             1             16  sun.reflect.GeneratedMethodAccessor18
1634:             1             16  sun.reflect.GeneratedMethodAccessor19
1635:             1             16  sun.reflect.GeneratedMethodAccessor20
1636:             1             16  sun.reflect.GeneratedMethodAccessor21
1637:             1             16  sun.reflect.GeneratedMethodAccessor22
1638:             1             16  sun.reflect.GeneratedMethodAccessor23
1639:             1             16  sun.reflect.GeneratedMethodAccessor24
1640:             1             16  sun.reflect.GeneratedMethodAccessor25
1641:             1             16  sun.reflect.GeneratedMethodAccessor26
1642:             1             16  sun.reflect.GeneratedMethodAccessor27
1643:             1             16  sun.reflect.GeneratedMethodAccessor28
1644:             1             16  sun.reflect.GeneratedMethodAccessor29
1645:             1             16  sun.reflect.GeneratedMethodAccessor30
1646:             1             16  sun.reflect.GeneratedMethodAccessor31
1647:             1             16  sun.reflect.GeneratedMethodAccessor32
1648:             1             16  sun.reflect.GeneratedMethodAccessor33
1649:             1             16  sun.reflect.GeneratedMethodAccessor34
1650:             1             16  sun.reflect.GeneratedMethodAccessor35
1651:             1             16  sun.reflect.GeneratedMethodAccessor36
1652:             1             16  sun.reflect.GeneratedMethodAccessor37
1653:             1             16  sun.reflect.GeneratedMethodAccessor38
1654:             1             16  sun.reflect.GeneratedMethodAccessor39
1655:             1             16  sun.reflect.GeneratedMethodAccessor40
1656:             1             16  sun.reflect.GeneratedMethodAccessor41
1657:             1             16  sun.reflect.GeneratedMethodAccessor42
1658:             1             16  sun.reflect.GeneratedMethodAccessor43
1659:             1             16  sun.reflect.GeneratedMethodAccessor44
1660:             1             16  sun.reflect.GeneratedMethodAccessor45
1661:             1             16  sun.reflect.GeneratedMethodAccessor46
1662:             1             16  sun.reflect.GeneratedMethodAccessor47
1663:             1             16  sun.reflect.GeneratedMethodAccessor48
1664:             1             16  sun.reflect.GeneratedMethodAccessor49
1665:             1             16  sun.reflect.GeneratedMethodAccessor50
1666:             1             16  sun.reflect.GeneratedMethodAccessor51
1667:             1             16  sun.reflect.GeneratedMethodAccessor52
1668:             1             16  sun.reflect.GeneratedMethodAccessor53
1669:             1             16  sun.reflect.GeneratedMethodAccessor54
1670:             1             16  sun.reflect.GeneratedMethodAccessor55
1671:             1             16  sun.reflect.GeneratedMethodAccessor56
1672:             1             16  sun.reflect.GeneratedMethodAccessor57
1673:             1             16  sun.reflect.GeneratedMethodAccessor58
1674:             1             16  sun.reflect.GeneratedMethodAccessor59
1675:             1             16  sun.reflect.GeneratedMethodAccessor60
1676:             1             16  sun.reflect.GeneratedMethodAccessor61
1677:             1             16  sun.reflect.GeneratedMethodAccessor62
1678:             1             16  sun.reflect.GeneratedMethodAccessor63
1679:             1             16  sun.reflect.GeneratedMethodAccessor64
1680:             1             16  sun.reflect.GeneratedMethodAccessor65
1681:             1             16  sun.reflect.GeneratedMethodAccessor66
1682:             1             16  sun.reflect.GeneratedMethodAccessor67
1683:             1             16  sun.reflect.GeneratedMethodAccessor68
1684:             1             16  sun.reflect.GeneratedMethodAccessor69
1685:             1             16  sun.reflect.GeneratedMethodAccessor7
1686:             1             16  sun.reflect.GeneratedMethodAccessor70
1687:             1             16  sun.reflect.GeneratedMethodAccessor71
1688:             1             16  sun.reflect.GeneratedMethodAccessor72
1689:             1             16  sun.reflect.GeneratedMethodAccessor73
1690:             1             16  sun.reflect.GeneratedMethodAccessor74
1691:             1             16  sun.reflect.GeneratedMethodAccessor75
1692:             1             16  sun.reflect.GeneratedMethodAccessor76
1693:             1             16  sun.reflect.GeneratedMethodAccessor9
1694:             1             16  sun.reflect.ReflectionFactory
1695:             1             16  sun.reflect.generics.tree.BottomSignature
1696:             1             16  sun.rmi.runtime.Log$LoggerLogFactory
1697:             1             16  sun.rmi.runtime.RuntimeUtil
1698:             1             16  sun.rmi.server.UnicastRef
1699:             1             16  sun.rmi.server.UnicastServerRef$HashToMethod_Maps
1700:             1             16  sun.rmi.transport.DGCImpl$$Lambda$58/1459064127
1701:             1             16  sun.rmi.transport.DGCImpl$1
1702:             1             16  sun.rmi.transport.DGCImpl$2$$Lambda$59/737509880
1703:             1             16  sun.rmi.transport.DGCImpl_Skel
1704:             1             16  sun.rmi.transport.DGCImpl_Stub
1705:             1             16  sun.rmi.transport.proxy.RMIDirectSocketFactory
1706:             1             16  sun.rmi.transport.tcp.TCPTransport$1
1707:             1             16  sun.security.provider.NativeSeedGenerator
1708:             1             16  sun.security.util.AlgorithmDecomposer
1709:             1             16  sun.security.util.DisabledAlgorithmConstraints$Constraints
1710:             1             16  sun.util.calendar.Gregorian
1711:             1             16  sun.util.locale.provider.AuxLocaleProviderAdapter$NullProvider
1712:             1             16  sun.util.locale.provider.CalendarDataUtility$CalendarWeekParameterGetter
1713:             1             16  sun.util.locale.provider.SPILocaleProviderAdapter
1714:             1             16  sun.util.locale.provider.TimeZoneNameUtility$TimeZoneNameGetter
1715:             1             16  sun.util.resources.LocaleData
1716:             1             16  sun.util.resources.LocaleData$LocaleDataResourceBundleControl
Total         89600        4937688
